
======================================================================
Tim Ho Wan (Singapore/grabfood)
======================================================================
http status: 200
final url: https://food.grab.com/sg/en/restaurant/closed-tim-ho-wan-plaza-singapura-delivery/SGDD11583
title: [CLOSED] Tim Ho Wan - Plaza Singapura ⭐ 4.6
blocked? False
looks_like_grabfood_landing? False
--- body text (first 1200 chars) ---
Login to search location
Login/Sign Up
Login to search location
HomeRestaurant[CLOSED] Tim Ho Wan - Plaza Singapura
[CLOSED] Tim Ho Wan - Plaza Singapura
DeliveryDine-out
Chinese,Dim Sum,BBQ
4.6
Opening Hours
Today  Closed
Closed
For orders less than S$12.00 for this restaurant, a small order fee applies.
Limited Time Offer
Delivery Exclusive
Weekend Value Meal
Weekday Singles Set
Signature
Steamed Dim Sum
Baked & Fried Dim Sum
Steamed Rice Rolls
Congee, Rice & Noodles
Soups & Sides
Desserts
HK Beverages
Premium Tea
Local Beverages
Limited Time Offer

Calamansi Lemongrass Fizz 冰柑桔香茅

6.50

Laksa Seafood Dumplings 叻沙海鲜饺

9.30

XO Fried Rice with Bacon & Luncheon Meat 培根午餐肉XO炒饭

16.50

'Orh Nee' Salted Egg Sesame Ball 芋泥金沙煎堆

8.50

'Bak Chor' Rice Rolls 肉脞皱皮肠粉

11.50

Flavours of Singapore Delivery Set

Set Menu included: 'Bak Chor' Rice Rolls, XO Fried Rice with Bacon & Luncheon Meat, Orh Nee Salted Egg Sesame Ball, Laksa Seafood Dumplings, and Calamansi Lemongrass Fizz (x2 cups).

49.90
Delivery Exclusive

Barbecue Pork Noodle with Shrimp Wonton (Dry) 蜜汁叉烧鲜虾云吞面 (干)

18.80

Steamed Fish Fillet with Scallion Ginger Sauce Rice 姜蓉蒸鱼片饭

11.00

Steamed Chicken with Mushroom Rice 北菇蒸雞飯

1
NEXT_DATA present, length: 118912
DOM elements matching MenuItem/dish selectors: 707
aria-label buttons found: 0
screenshot saved to diag_Tim_Ho_Wan.png

======================================================================
Din Tai Fung KL (Malaysia/grabfood)
======================================================================
http status: 200
final url: https://food.grab.com/my/en/restaurant/din-tai-fung-the-gardens-mall-non-halal-delivery/1-CY2UGABXFCA2RE
title: Din Tai Fung - The Gardens Mall [Non-Halal] ⭐ 4.6
blocked? False
looks_like_grabfood_landing? False
--- body text (first 1200 chars) ---
Login to search location
Login/Sign Up
HomeRestaurantDin Tai Fung - The Gardens Mall [Non-Halal]
Din Tai Fung - The Gardens Mall [Non-Halal]
Delivery
DeliveryDine-out
Taiwanese,Soup Dumpling,Dim Sum,Dumpling
4.6
Opening Hours
Today  10:00-21:15
For orders less than RM12.00 for this restaurant, a small order fee applies.
For You
Limited Time Offer
Xiao Long Bao 小籠包
Steamed Dumplings 饺类
Buns 包子
Sweet Buns 甜包
Appetizers 开胃菜
Snacks 小吃
Rice Dumpling 粽子
Soups 汤品
Noodle Soup 汤面
Dry Noodles 干拌面
Fried Rice 炒饭
Dishes 小炒
Vegetables 蔬菜
Desserts 甜点
Beverages 饮料
Condiments 调味品
For You

620110. Pork Xiao Long Bao 小笼包 (10pc)

34.18

6503. Shrimp Egg Fried Rice 虾仁蛋炒饭

Nasi goreng udang wangi ini.

32.00

6501. Pork Chop Egg Fried Rice 猪排蛋炒饭

34.72

6505. Shredded Pork Egg Fried Rice 肉丝蛋炒饭

28.75

611010. Spicy Shrimp & Pork Wonton 红油虾肉抄手 (10pc)

34.18

6512. Chicken Chop Egg Fried Rice 鸡排蛋炒饭

34.72

6504. Shrimp & Shredded Pork Egg Fried Rice 虾仁肉丝蛋炒饭

34.72

6126. Rice Dumpling (Pork) 经典黄金粽 (猪)

27.67

Limited Time Offer

60197 Jasmine Matcha Cloud Latte 云霜茉香抹茶

18.45

60196 Matcha Cloud Latte 云霜抹茶

17.91

60181 Matcha Xiao Long Bao 抹茶小笼包 (10pcs)

32.55

60180 Matcha Xiao Long Bao 抹茶小笼包 (6pcs)

19.
NEXT_DATA present, length: 119823
DOM elements matching MenuItem/dish selectors: 1353
aria-label buttons found: 0
screenshot saved to diag_Din_Tai_Fung_KL.png

======================================================================
XIANG BA LAO Chinese Food (Vietnam/grabfood)
======================================================================
http status: 200
final url: https://food.grab.com/vn/en/restaurant/xiang-ba-lao-chinese-food-delivery/5-C7V2NFTTCKKTAT
title: XIANG BA LAO - Chinese Food ⭐ 4.4
blocked? False
looks_like_grabfood_landing? False
--- body text (first 1200 chars) ---
Login to search location
Login/Sign Up
EN
HomeRestaurantXIANG BA LAO - Chinese Food
XIANG BA LAO - Chinese Food
Chinese,Chicken Dish,Beef Dish,Rice
4.4
Opening Hours
Today  00:00-00:30 10:00-23:59
Today's Offer
For You
Braised dishes, stir-fried
Rice
SET RICE BOX (A Set Of Main Dishes + 2 Types Of Vegetables + Rice)
SOUP
DRINK 饮料
Today's Offer

Seaweed Egg Drop Soup

Save 32500

65.000

32.500

Filtered Water

Save 7500

15.000

7.500

For You

Braised Pork Belly in Chinese Style

170.000

Stir-Fried Pork Belly with Chili, Ready-to-Eat Box Set

120.000

Stir-fried pork belly with mixed vegetables and egg - a delicious bowl made by a farmer's family.

140.000

Steamed White Rice (1 serving)

15.000

Steamed Chicken Mixed With Spicy Sauce

130.000

Stir-fried Eggs with Tomatoes

95.000

Stir-Fried Beef with Garlic Onion Box Rice

125.000

Spicy Braised Beef Ribs with Tomatoes

169.000

Braised dishes, stir-fried

Spicy Mixed Mala Hot Pot with Abalone

199.000

Sichuan Spicy Beef Soup

199.000

Stir-fried green beans with minced meat in Chinese-style.

145.000

Steamed Chicken Mixed With Spicy Sauce

130.000

Sichuan Mapo Tofu

130.000

Hoang Kim Golden Hotpot with Sour Mustard Greens
NEXT_DATA present, length: 116066
DOM elements matching MenuItem/dish selectors: 420
aria-label buttons found: 0
screenshot saved to diag_XIANG_BA_LAO_Chinese_Food.png

======================================================================
Wendy's (United States/direct)
======================================================================
http status: 403
final url: https://www.wendys.com/food
title: 403 | Wendy's
blocked? False
--- body text (first 1200 chars) ---
Utility
Rewards Rewards
Find a Wendy's Find
Search Search
Order

Pickup

Order Pickup
Order

Delivery

Order Delivery
Main navigation
View our Menu Menu
What We Value Values
Who We Are Company
Find Jobs Jobs
Utility 2
Order Pickup ORDER PICKUP
Order Delivery ORDER DELIVERY
Fries
fries mobile
403 FORBIDDEN
Uh oh.

Unlike a bag fry, not all surprises are fun.

Let's go home
Main navigation
View our Menu Menu
What We Value Values
Who We Are Company
Find Jobs Jobs
Footer menu
Contact Us Contact Us
Franchising Franchising
Investors Investors
Blog Blog
Social Menu
Legal Menu
Site Map Site Map
Privacy Policy Privacy Policy
Terms and Conditions Terms and Conditions
Accessibility Accessibility
Do Not Sell or Share My Personal Information Do Not Sell or Share My Personal Information
Manage Privacy Preferences Manage Privacy Preferences

© 2026 Quality Is Our Recipe, LLC
screenshot saved to diag_Wendys.png
