DoorDash US 2023+ full sweep (junk-filtered) — per_period=160, max=2560, 2023-01-01 onward
  Found 1440 real candidate snapshots, 59 junk (CDN-asset) URLs filtered out (3.9% of 1499 seen)
  [5/1440] 20230205 https://www.doordash.com/store/007-chinese-food-buffalo-295311 … 0 items
  [6/1440] 20230324 https://www.doordash.com/store/007-chinese-food-hamburg-295311/ … 0 items
  [8/1440] 20230308 https://www.doordash.com/store/100-montaditos-miami-lakes-322480/ … 0 items
  [11/1440] 20230206 https://www.doordash.com/store/1000399/ … 0 items
  [12/1440] 20230202 https://www.doordash.com/store/1000914/ … 0 items
  [13/1440] 20230224 https://www.doordash.com/store/10010/ … 0 items
  [14/1440] 20230220 https://www.doordash.com/store/1001284/ … 0 items
  [17/1440] 20230224 https://www.doordash.com/store/1002190/?utm_source=partner-link&utm_me … 0 items
  [18/1440] 20230224 https://www.doordash.com/store/1002190/?utm_campaign=1002190\u0026utm_ … 0 items
  [19/1440] 20230309 https://www.doordash.com/store/1003899/ … 0 items
  [20/1440] 20230331 https://www.doordash.com/store/1005287/ … 0 items
  [21/1440] 20230228 https://www.doordash.com/store/1005371/ … 0 items
  [23/1440] 20230207 https://www.doordash.com/store/1005814/ … 0 items
  [26/1440] 20230131 https://www.doordash.com/store/1006725/ … 0 items
  [29/1440] 20230330 https://www.doordash.com/store/1007271/?utm_source=partner-link&utm_me … 0 items
  [31/1440] 20230326 https://www.doordash.com/store/1007379/ … 0 items
  [32/1440] 20230207 https://www.doordash.com/store/1007381/ … 0 items
  [34/1440] 20230208 https://www.doordash.com/store/1007396/ … 0 items
  [39/1440] 20230318 https://www.doordash.com/store/1007421/ … 0 items
  [40/1440] 20230206 https://www.doordash.com/store/1007428/ … 0 items
  [44/1440] 20230320 https://www.doordash.com/store/1007443/ … 0 items
  [46/1440] 20230130 https://www.doordash.com/store/1007449/ … 0 items
  [48/1440] 20230323 https://www.doordash.com/store/1007456/ … 0 items
  [51/1440] 20230227 https://www.doordash.com/store/1007461/ … 0 items
  [55/1440] 20230127 https://www.doordash.com/store/1007475/ … 0 items
  [59/1440] 20230216 https://www.doordash.com/store/1008356/ … 0 items
  [61/1440] 20230206 https://www.doordash.com/store/1008567/ … 0 items
  [63/1440] 20230209 https://www.doordash.com/store/1009443/ … 0 items
  [64/1440] 20230203 https://www.doordash.com/store/100964/?utm_source=partner-link&utm_med … 0 items
  [67/1440] 20230220 https://www.doordash.com/store/1010694/ … 0 items
  [70/1440] 20230317 https://www.doordash.com/store/1012102/ … 0 items
  [71/1440] 20230208 https://www.doordash.com/store/1012144/ … 0 items
  [75/1440] 20230317 https://www.doordash.com/store/1013/ … 0 items
  [77/1440] 20230125 https://www.doordash.com/store/101320/ … 0 items
  [78/1440] 20230125 https://www.doordash.com/store/101325/ … 0 items
  [82/1440] 20230130 https://www.doordash.com/store/1015172/ … 0 items
  [84/1440] 20230117 https://www.doordash.com/store/101559/ … 0 items
  [85/1440] 20230303 https://www.doordash.com/store/1015622/ … 0 items
  [87/1440] 20230326 https://www.doordash.com/store/1016863/ … 0 items
  [88/1440] 20230318 https://www.doordash.com/store/101720/ … 0 items
  [91/1440] 20230324 https://www.doordash.com/store/1018584/ … 0 items
  [92/1440] 20230307 https://www.doordash.com/store/1018636/ … 0 items
  [99/1440] 20230119 https://www.doordash.com/store/10264/ … 0 items
  [102/1440] 20230201 https://www.doordash.com/store/1027022/ … 0 items
  [103/1440] 20230223 https://www.doordash.com/store/102703/ … 0 items
  [106/1440] 20230225 https://www.doordash.com/store/1027665/ … 0 items
  [108/1440] 20230318 https://www.doordash.com/store/102925/ … 0 items
  [111/1440] 20230318 https://www.doordash.com/store/103009/ … 0 items
  [112/1440] 20230331 https://www.doordash.com/store/1030575/ … 0 items
  [113/1440] 20230205 https://www.doordash.com/store/1031542?utm_source=partner-link&utm_med … 0 items
  [115/1440] 20230208 https://www.doordash.com/store/1032469/ … 0 items
  [116/1440] 20230205 https://www.doordash.com/store/1032962?utm_source=partner-link&utm_med … 0 items
  [117/1440] 20230329 https://www.doordash.com/store/103311/ … 0 items
  [118/1440] 20230325 https://www.doordash.com/store/1033532/ … 0 items
  [119/1440] 20230318 https://www.doordash.com/store/103378/ … 0 items
  [120/1440] 20230306 https://www.doordash.com/store/10345/ … 0 items
  [121/1440] 20230131 https://www.doordash.com/store/1034647/?utm_source=partner-link&utm_me … 0 items
  [127/1440] 20230218 https://www.doordash.com/store/1036097/ … 0 items
  [128/1440] 20230208 https://www.doordash.com/store/1036374/ … 0 items
  [130/1440] 20230204 https://www.doordash.com/store/103668/ … 0 items
  [131/1440] 20230120 https://www.doordash.com/store/1037460/ … 0 items
  [136/1440] 20230117 https://www.doordash.com/store/1040347/ … 0 items
  [137/1440] 20230223 https://www.doordash.com/store/104036/ … 0 items
  [138/1440] 20230326 https://www.doordash.com/store/1040434 … 0 items
  [145/1440] 20230128 https://www.doordash.com/store/104305/ … 0 items
  [146/1440] 20230209 https://www.doordash.com/store/1043113?utm_source=Arbys&utm_medium=Web … 0 items
  [148/1440] 20230316 https://www.doordash.com/store/1043380/ … 0 items
  [149/1440] 20230218 https://www.doordash.com/store/1043494/ … 0 items
  [151/1440] 20230325 https://www.doordash.com/store/1044728/ … 0 items
  [154/1440] 20230318 https://www.doordash.com/store/1045951/ … 0 items
  [155/1440] 20230114 https://www.doordash.com/store/104704/ … 0 items
  [321/1440] 20240911 https://www.doordash.com/store/%C3%B3rale-mexico-new-paltz-23168048/ … 0 items
  [322/1440] 20240803 https://www.doordash.com/store/%C3%B4four-montr%C3%A9al-23150104/?pick … 0 items
  [323/1440] 20240718 https://www.doordash.com/store/%E2%80%9Ccook-kee-mao%E2%80%9Dthai-stre … 0 items
  [324/1440] 20240717 https://www.doordash.com/store/--dnu---inactive-stores-mesquite-524882 … 0 items
  [325/1440] 20240823 https://www.doordash.com/store/0 … 0 items
  [326/1440] 20240915 https://www.doordash.com/store/1-2-3-thai-food-oak-harbor-661528/?curs … 0 items
  [327/1440] 20240826 https://www.doordash.com/store/1-800-battery-25001411/ … 0 items
  [328/1440] 20240908 https://www.doordash.com/store/1-am-liquor-26021271/ … 0 items
  [329/1440] 20240813 https://www.doordash.com/store/1-stop-flint-1636864/ … 0 items
  [330/1440] 20240917 https://www.doordash.com/store/10-56-brewing-knox-25082031/?cursor=eyJ … 0 items
  [331/1440] 20240804 https://www.doordash.com/store/10-rocks-tapas-bar-restaurant-pawtucket … 0 items
  [332/1440] 20240724 https://www.doordash.com/store/10-speed-coffee-santa-monica-598919 … 0 items
  [333/1440] 20240718 https://www.doordash.com/store/100%25-de-agave-denver-29175/?cursor=ey … 0 items
  [334/1440] 20240714 https://www.doordash.com/store/1001209/ … 0 items
  [335/1440] 20240813 https://www.doordash.com/store/10032/ … 0 items
  [336/1440] 20240715 https://www.doordash.com/store/1004885/ … 0 items
  [337/1440] 20240809 https://www.doordash.com/store/1005267/ … 0 items
  [338/1440] 20240808 https://www.doordash.com/store/1005267/?cursor=eyJzZWFyY2hfaXRlbV9jYXJ … 0 items
  [339/1440] 20240810 https://www.doordash.com/store/1005306/ … 0 items
  [340/1440] 20240917 https://www.doordash.com/store/1005319/ … 0 items
  [341/1440] 20240918 https://www.doordash.com/store/1007238/?utm_source=partner-link&utm_me … 0 items
  [342/1440] 20240908 https://www.doordash.com/store/1007269/ … 0 items
  [343/1440] 20240915 https://www.doordash.com/store/1007274/?utm_source=partner-link&utm_me … 0 items
  [344/1440] 20240907 https://www.doordash.com/store/1007284/?utm_source=partner-link&utm_me … 0 items
  [345/1440] 20240909 https://www.doordash.com/store/1007285/?utm_source=partner-link&utm_me … 0 items
  [346/1440] 20240918 https://www.doordash.com/store/1007294/?utm_source=partner-link&utm_me … 0 items
  [347/1440] 20240915 https://www.doordash.com/store/1007351/?utm_source=partner-link&utm_me … 0 items
  [349/1440] 20240918 https://www.doordash.com/store/1007673/ … 0 items
  [350/1440] 20240914 https://www.doordash.com/store/1007852/ … 0 items
  [351/1440] 20240807 https://www.doordash.com/store/1008320/ … 0 items
  [352/1440] 20240823 https://www.doordash.com/store/1009879?cursor=eyJzZWFyY2hfaXRlbV9jYXJv … 0 items
  [353/1440] 20240717 https://www.doordash.com/store/1009879/?cursor=eyJzZWFyY2hfaXRlbV9jYXJ … 0 items
  [355/1440] 20240715 https://www.doordash.com/store/101-beer-kitchen-fishers-896551/?cursor … 0 items
  [356/1440] 20240719 https://www.doordash.com/store/101027/ … 0 items
  [357/1440] 20240827 https://www.doordash.com/store/101041?cursor=eyJzZWFyY2hfaXRlbV9jYXJvd … 0 items
  [358/1440] 20240717 https://www.doordash.com/store/101041/?cursor=eyJzZWFyY2hfaXRlbV9jYXJv … 0 items
  [359/1440] 20240917 https://www.doordash.com/store/101041?cursor=eyJzZWFyY2hfaXRlbV9jYXJvd … 0 items
  [360/1440] 20240716 https://www.doordash.com/store/1010969/ … 0 items
  [361/1440] 20240927 https://www.doordash.com/store/1011064 … 0 items
  [362/1440] 20240805 https://www.doordash.com/store/1011095/ … 0 items
  [363/1440] 20240906 https://www.doordash.com/store/1011860?cursor=eyJzZWFyY2hfaXRlbV9jYXJv … 0 items
  [364/1440] 20240724 https://www.doordash.com/store/1014847/ … 0 items
  [365/1440] 20240905 https://www.doordash.com/store/1015148/?cursor=eyJzZWFyY2hfaXRlbV9jYXJ … 0 items
  [366/1440] 20240723 https://www.doordash.com/store/1015191/ … 0 items
  [367/1440] 20240803 https://www.doordash.com/store/10188/ … 0 items
  [368/1440] 20240715 https://www.doordash.com/store/1021082/ … 0 items
  [369/1440] 20240723 https://www.doordash.com/store/102191/ … 0 items
  [370/1440] 20240723 https://www.doordash.com/store/1021954/ … 0 items
  [371/1440] 20240720 https://www.doordash.com/store/102229/ … 0 items
  [372/1440] 20240716 https://www.doordash.com/store/102230/ … 0 items
  [373/1440] 20240807 https://www.doordash.com/store/1022493/ … 0 items
  [374/1440] 20240723 https://www.doordash.com/store/1022554/ … 0 items
  [375/1440] 20240725 https://www.doordash.com/store/102308/ … 0 items
  [376/1440] 20240830 https://www.doordash.com/store/102314?cursor=eyJzdG9yZV9wcmltYXJ5X3Zlc … 0 items
  [377/1440] 20240713 https://www.doordash.com/store/10232/ … 0 items
  [378/1440] 20240716 https://www.doordash.com/store/102334/ … 0 items
  [379/1440] 20240905 https://www.doordash.com/store/1023413/?cursor=eyJzdG9yZV9wcmltYXJ5X3Z … 0 items
  [380/1440] 20240713 https://www.doordash.com/store/102351/ … 0 items
  [381/1440] 20240920 https://www.doordash.com/store/1023714/ … 0 items
  [382/1440] 20240720 https://www.doordash.com/store/1025392 … 0 items
  [383/1440] 20240926 https://www.doordash.com/store/1025534 … 0 items
  [384/1440] 20240910 https://www.doordash.com/store/1026260/ … 0 items
  [385/1440] 20240805 https://www.doordash.com/store/1026525/ … 0 items
  [386/1440] 20240805 https://www.doordash.com/store/1026666/ … 0 items
  [387/1440] 20240918 https://www.doordash.com/store/1027057/?utm_source=partner-link&utm_me … 0 items
  [388/1440] 20240805 https://www.doordash.com/store/102707/ … 0 items
  [389/1440] 20240911 https://www.doordash.com/store/1027796 … 0 items
  [390/1440] 20240714 https://www.doordash.com/store/1028222/ … 0 items
  [391/1440] 20240716 https://www.doordash.com/store/1029083/ … 0 items
  [392/1440] 20240716 https://www.doordash.com/store/1029447/ … 0 items
  [393/1440] 20240813 https://www.doordash.com/store/103085/?utm_source=partner-link&utm_med … 0 items
  [394/1440] 20240711 https://www.doordash.com/store/1031347/?pickup=false … 0 items
  [395/1440] 20240824 https://www.doordash.com/store/1031364?cursor=eyJzdG9yZV9wcmltYXJ5X3Zl … 0 items
  [396/1440] 20240824 https://www.doordash.com/store/1031911?cursor=eyJzZWFyY2hfaXRlbV9jYXJv … 0 items
  [397/1440] 20240909 https://www.doordash.com/store/1033033/?utm_source=partner-link&utm_me … 0 items
  [398/1440] 20240914 https://www.doordash.com/store/1033210?cursor=eyJzZWFyY2hfaXRlbV9jYXJv … 0 items
  [399/1440] 20240724 https://www.doordash.com/store/1033246/?utm_source=partner-link&utm_me … 0 items
  [400/1440] 20240813 https://www.doordash.com/store/103399/ … 0 items
  [402/1440] 20240910 https://www.doordash.com/store/1036090/?cursor=eyJzZWFyY2hfaXRlbV9jYXJ … 0 items
  [403/1440] 20240724 https://www.doordash.com/store/1036578/?cursor=eyJzdG9yZV9wcmltYXJ5X3Z … 0 items
  [404/1440] 20240814 https://www.doordash.com/store/1037023/ … 0 items
  [405/1440] 20240809 https://www.doordash.com/store/1037219/ … 0 items
  [406/1440] 20240713 https://www.doordash.com/store/1037805/ … 0 items
  [407/1440] 20240828 https://www.doordash.com/store/1039492/?cursor=eyJzZWFyY2hfaXRlbV9jYXJ … 0 items
  [408/1440] 20240717 https://www.doordash.com/store/1039840/ … 0 items
  [409/1440] 20240811 https://www.doordash.com/store/10401/ … 0 items
  [410/1440] 20240719 https://www.doordash.com/store/1042808/ … 0 items
  [411/1440] 20240912 https://www.doordash.com/store/1044116/?cursor=eyJzdG9yZV9wcmltYXJ5X3Z … 0 items
  [412/1440] 20240731 https://www.doordash.com/store/1044116/?cursor=eyJzdG9yZV9wcmltYXJ5X3Z … 0 items
  [413/1440] 20240918 https://www.doordash.com/store/1047078/ … 0 items
  [414/1440] 20240917 https://www.doordash.com/store/1047117?cursor=eyJzZWFyY2hfaXRlbV9jYXJv … 0 items
  [415/1440] 20240917 https://www.doordash.com/store/1048615/ … 0 items
  [416/1440] 20240803 https://www.doordash.com/store/1049211/ … 0 items
  [417/1440] 20240720 https://www.doordash.com/store/1049263/?cursor=eyJzZWFyY2hfaXRlbV9jYXJ … 0 items
  [418/1440] 20240718 https://www.doordash.com/store/1049764/ … 0 items
  [419/1440] 20240720 https://www.doordash.com/store/1049888/ … 0 items
  [420/1440] 20240916 https://www.doordash.com/store/105-twenty-briarcliff-manor-117661/?cur … 0 items
  [421/1440] 20240806 https://www.doordash.com/store/105-twenty-croton-on-hudson-1102729 … 0 items
  [422/1440] 20240804 https://www.doordash.com/store/1050132/ … 0 items
  [423/1440] 20240808 https://www.doordash.com/store/105051/ … 0 items
  [424/1440] 20240803 https://www.doordash.com/store/1051076/?utm_source=Enterprise_Partners … 0 items
  [425/1440] 20240808 https://www.doordash.com/store/105180/?cursor=eyJzZWFyY2hfaXRlbV9jYXJv … 0 items
  [426/1440] 20240717 https://www.doordash.com/store/1053492/?cursor=eyJzZWFyY2hfaXRlbV9jYXJ … 0 items
  [427/1440] 20240912 https://www.doordash.com/store/1054311/ … 0 items
  [429/1440] 20240722 https://www.doordash.com/store/1055059/ … 0 items
  [430/1440] 20240720 https://www.doordash.com/store/1055987?utm_campaign=mlb … 0 items
  [431/1440] 20240719 https://www.doordash.com/store/1056297/ … 0 items
  [433/1440] 20240724 https://www.doordash.com/store/1057423/ … 0 items
  [434/1440] 20240720 https://www.doordash.com/store/1058550/?cursor=eyJzZWFyY2hfaXRlbV9jYXJ … 0 items
  [435/1440] 20240917 https://www.doordash.com/store/1058945/ … 0 items
  [436/1440] 20240813 https://www.doordash.com/store/1058983/ … 0 items
  [437/1440] 20240724 https://www.doordash.com/store/1059325/ … 0 items
  [438/1440] 20240814 https://www.doordash.com/store/1059335 … 0 items
  [439/1440] 20240719 https://www.doordash.com/store/105965/ … 0 items
  [440/1440] 20240917 https://www.doordash.com/store/105981/ … 0 items
  [441/1440] 20240716 https://www.doordash.com/store/1059981/ … 0 items
  [442/1440] 20240714 https://www.doordash.com/store/1060524/ … 0 items
  [443/1440] 20240720 https://www.doordash.com/store/1060612/?cursor=eyJzdG9yZV92ZXJ0aWNhbF9 … 0 items
  [444/1440] 20240719 https://www.doordash.com/store/1060714/ … 0 items
  [445/1440] 20240918 https://www.doordash.com/store/1061440/ … 0 items
  [446/1440] 20240803 https://www.doordash.com/store/1061623/ … 0 items
  [447/1440] 20240916 https://www.doordash.com/store/1062020/ … 0 items
  [448/1440] 20240724 https://www.doordash.com/store/106246/ … 0 items
  [449/1440] 20240713 https://www.doordash.com/store/106271/ … 0 items
  [450/1440] 20240807 https://www.doordash.com/store/1064856/ … 0 items
  [451/1440] 20240813 https://www.doordash.com/store/1065071/ … 0 items
  [452/1440] 20240712 https://www.doordash.com/store/1065445/ … 0 items
  [453/1440] 20240808 https://www.doordash.com/store/1065562/ … 0 items
  [454/1440] 20240713 https://www.doordash.com/store/10664/ … 0 items
  [455/1440] 20240818 https://www.doordash.com/store/1066729/?cursor=eyJzdG9yZV9wcmltYXJ5X3Z … 0 items
  [456/1440] 20240715 https://www.doordash.com/store/1067251/ … 0 items
  [457/1440] 20240805 https://www.doordash.com/store/1067442/ … 0 items
  [458/1440] 20240722 https://www.doordash.com/store/1067776/ … 0 items
  [459/1440] 20240803 https://www.doordash.com/store/1067809/ … 0 items
  [460/1440] 20240715 https://www.doordash.com/store/1067896/ … 0 items
  [461/1440] 20240723 https://www.doordash.com/store/10683/ … 0 items
  [462/1440] 20240718 https://www.doordash.com/store/1068438/ … 0 items
  [463/1440] 20240808 https://www.doordash.com/store/1069214/ … 0 items
  [464/1440] 20240715 https://www.doordash.com/store/1069661/?utm_source=Enterprise_Partners … 0 items
  [465/1440] 20240716 https://www.doordash.com/store/1069885/ … 0 items
  [466/1440] 20240919 https://www.doordash.com/store/1070222/ … 0 items
  [467/1440] 20240720 https://www.doordash.com/store/1070282/?utm_source=Enterprise_Partners … 0 items
  [468/1440] 20240914 https://www.doordash.com/store/1070728/ … 0 items
  [469/1440] 20240719 https://www.doordash.com/store/1071171/ … 0 items
  [470/1440] 20240718 https://www.doordash.com/store/1071353/ … 0 items
  [471/1440] 20240725 https://www.doordash.com/store/1071423/?utm_source=Enterprise_Partners … 0 items
  [472/1440] 20240720 https://www.doordash.com/store/1071840/ … 0 items
  [473/1440] 20240910 https://www.doordash.com/store/1071860/?cursor=eyJzdG9yZV9wcmltYXJ5X3Z … 0 items
  [474/1440] 20240715 https://www.doordash.com/store/1071891/ … 0 items
  [475/1440] 20240723 https://www.doordash.com/store/1071927/?utm_source=Enterprise_Partners … 0 items
  [476/1440] 20240912 https://www.doordash.com/store/1073156/ … 0 items
  [477/1440] 20240912 https://www.doordash.com/store/1073156?cursor=eyJzZWFyY2hfaXRlbV9jYXJv … 0 items
  [478/1440] 20240724 https://www.doordash.com/store/1073294/?utm_source=Enterprise_Partners … 0 items
  [479/1440] 20240808 https://www.doordash.com/store/1073996/ … 0 items
  [480/1440] 20240917 https://www.doordash.com/store/1075482?cursor=eyJzZWFyY2hfaXRlbV9jYXJv … 0 items
  [481/1440] 20241008 https://www.doordash.com/store/%20988270 … 0 items
  [482/1440] 20241113 https://www.doordash.com/store/%C3%B4four-montr%C3%A9al-23150104/ … 0 items
  [483/1440] 20241208 https://www.doordash.com/store/007-chinese-food-hamburg-25899631/?curs … 0 items
  [484/1440] 20241208 https://www.doordash.com/store/0ak-&-fork-restaurant-padbury-28520752/ … 0 items
  [488/1440] 20241105 https://www.doordash.com/store/10043/?utm_campaign=10043&utm_medium=we … 0 items
  [489/1440] 20241111 https://www.doordash.com/store/100494/ … 0 items
  [491/1440] 20241214 https://www.doordash.com/store/1005404/ … 0 items
  [492/1440] 20241205 https://www.doordash.com/store/1005765/ … 0 items
  [493/1440] 20241206 https://www.doordash.com/store/1006119/ … 0 items
  [494/1440] 20241208 https://www.doordash.com/store/1007267/?utm_source=partner-link&utm_me … 0 items
  [496/1440] 20241203 https://www.doordash.com/store/1007420/ … 0 items
  [497/1440] 20241009 https://www.doordash.com/store/1007450/ … 0 items
  [498/1440] 20241008 https://www.doordash.com/store/1008421/ … 0 items
  [499/1440] 20241014 https://www.doordash.com/store/1008929/ … 0 items
  [501/1440] 20241207 https://www.doordash.com/store/1009920/ … 0 items
  [503/1440] 20241205 https://www.doordash.com/store/101-taiwanese-cuisine-reno-28174783/ … 0 items
  [504/1440] 20241109 https://www.doordash.com/store/1011005?utm_source=partner-link&utm_med … 0 items
  [505/1440] 20241010 https://www.doordash.com/store/1011082/ … 0 items
  [506/1440] 20241209 https://www.doordash.com/store/1011542/ … 0 items
  [507/1440] 20241114 https://www.doordash.com/store/1012038/ … 0 items
  [508/1440] 20241214 https://www.doordash.com/store/1012356/ … 0 items
  [509/1440] 20241202 https://www.doordash.com/store/1015844/ … 0 items
  [510/1440] 20241202 https://www.doordash.com/store/101770/ … 0 items
  [512/1440] 20241013 https://www.doordash.com/store/1022432/ … 0 items
  [513/1440] 20241010 https://www.doordash.com/store/102308/?cursor=eyJzZWFyY2hfaXRlbV9jYXJv … 0 items
  [514/1440] 20241013 https://www.doordash.com/store/102336/?cursor=eyJzZWFyY2hfaXRlbV9jYXJv … 0 items
  [516/1440] 20241015 https://www.doordash.com/store/1026494/ … 0 items
  [517/1440] 20241007 https://www.doordash.com/store/1026750/ … 0 items
  [519/1440] 20241209 https://www.doordash.com/store/1026921/?utm_source=partner-link&utm_me … 0 items
  [520/1440] 20241113 https://www.doordash.com/store/1027006/?utm_source=partner-link&utm_me … 0 items
  [521/1440] 20241201 https://www.doordash.com/store/1027227/?utm_source=partner-link&utm_me … 0 items
  [523/1440] 20241202 https://www.doordash.com/store/1028321/ … 0 items
  [524/1440] 20241112 https://www.doordash.com/store/1028497/ … 0 items
  [525/1440] 20241212 https://www.doordash.com/store/1028734/ … 0 items
  [526/1440] 20241212 https://www.doordash.com/store/1028751/ … 0 items
  [527/1440] 20241110 https://www.doordash.com/store/1028812/ … 0 items
  [528/1440] 20241106 https://www.doordash.com/store/1029046/ … 0 items
  [529/1440] 20241015 https://www.doordash.com/store/1029146/?utm_source=partner-link&utm_me … 0 items
  [530/1440] 20241015 https://www.doordash.com/store/1031329/ … 0 items
  [531/1440] 20241203 https://www.doordash.com/store/1033140/ … 0 items
  [532/1440] 20241116 https://www.doordash.com/store/1034099 … 0 items
  [533/1440] 20241102 https://www.doordash.com/store/103459/ … 0 items
  [534/1440] 20241110 https://www.doordash.com/store/1035566/ … 0 items
  [535/1440] 20241212 https://www.doordash.com/store/1035747/ … 0 items
  [536/1440] 20241102 https://www.doordash.com/store/1036090/?utm_source=partner-link&utm_me … 0 items
  [538/1440] 20241203 https://www.doordash.com/store/1036141/?cursor=eyJzZWFyY2hfaXRlbV9jYXJ … 0 items
  [539/1440] 20241206 https://www.doordash.com/store/1036622/ … 0 items
  [540/1440] 20241125 https://www.doordash.com/store/1037098?utm_source=mx_share%E2%80%9D … 0 items
  [541/1440] 20241205 https://www.doordash.com/store/1037275/ … 0 items
  [542/1440] 20241201 https://www.doordash.com/store/1037324/ … 0 items
  [543/1440] 20241107 https://www.doordash.com/store/1037757/ … 0 items
  [545/1440] 20241205 https://www.doordash.com/store/1041996/ … 0 items
  [546/1440] 20241203 https://www.doordash.com/store/1046608/ … 0 items
  [547/1440] 20241214 https://www.doordash.com/store/1049263/ … 0 items
  [548/1440] 20241211 https://www.doordash.com/store/1049826/?utm_source=partner-link&utm_me … 0 items
  [549/1440] 20241109 https://www.doordash.com/store/1054136/ … 