DoorDash US 2023+ full sweep (junk-filtered) — per_period=160, max=2560, 2023-01-01 onward
  Found 1760 real candidate snapshots, 59 junk (CDN-asset) URLs filtered out (3.2% of 1819 seen)
  [5/1760] 20230205 https://www.doordash.com/store/007-chinese-food-buffalo-295311 … 0 items
  [6/1760] 20230324 https://www.doordash.com/store/007-chinese-food-hamburg-295311/ … 0 items
  [8/1760] 20230308 https://www.doordash.com/store/100-montaditos-miami-lakes-322480/ … 0 items
  [11/1760] 20230206 https://www.doordash.com/store/1000399/ … 0 items
  [12/1760] 20230202 https://www.doordash.com/store/1000914/ … 0 items
  [13/1760] 20230224 https://www.doordash.com/store/10010/ … 0 items
  [14/1760] 20230220 https://www.doordash.com/store/1001284/ … 0 items
  [17/1760] 20230224 https://www.doordash.com/store/1002190/?utm_source=partner-link&utm_me … 0 items
  [18/1760] 20230224 https://www.doordash.com/store/1002190/?utm_campaign=1002190\u0026utm_ … 0 items
  [19/1760] 20230309 https://www.doordash.com/store/1003899/ … 0 items
  [20/1760] 20230331 https://www.doordash.com/store/1005287/ … 0 items
  [21/1760] 20230228 https://www.doordash.com/store/1005371/ … 0 items
  [23/1760] 20230207 https://www.doordash.com/store/1005814/ … 0 items
  [26/1760] 20230131 https://www.doordash.com/store/1006725/ … 0 items
  [29/1760] 20230330 https://www.doordash.com/store/1007271/?utm_source=partner-link&utm_me … 0 items
  [31/1760] 20230326 https://www.doordash.com/store/1007379/ … 0 items
  [32/1760] 20230207 https://www.doordash.com/store/1007381/ … 0 items
  [34/1760] 20230208 https://www.doordash.com/store/1007396/ … 0 items
  [39/1760] 20230318 https://www.doordash.com/store/1007421/ … 0 items
  [40/1760] 20230206 https://www.doordash.com/store/1007428/ … 0 items
  [42/1760] 20230127 https://www.doordash.com/store/1007437/ … 15 items
  [44/1760] 20230320 https://www.doordash.com/store/1007443/ … 0 items
  [46/1760] 20230130 https://www.doordash.com/store/1007449/ … 0 items
  [48/1760] 20230323 https://www.doordash.com/store/1007456/ … 0 items
  [50/1760] 20230209 https://www.doordash.com/store/1007460/ … 29 items
  [51/1760] 20230227 https://www.doordash.com/store/1007461/ … 0 items
  [55/1760] 20230127 https://www.doordash.com/store/1007475/ … 0 items
  [57/1760] 20230208 https://www.doordash.com/store/1008265/ … 58 items
  [59/1760] 20230216 https://www.doordash.com/store/1008356/ … 0 items
  [61/1760] 20230206 https://www.doordash.com/store/1008567/ … 0 items
  [62/1760] 20230320 https://www.doordash.com/store/1009048/ … 81 items
  [63/1760] 20230209 https://www.doordash.com/store/1009443/ … 0 items
  [64/1760] 20230203 https://www.doordash.com/store/100964/?utm_source=partner-link&utm_med … 0 items
  [66/1760] 20230306 https://www.doordash.com/store/101-cafe-south-diamond-bar-boulevard--i … 83 items
  [67/1760] 20230220 https://www.doordash.com/store/1010694/ … 0 items
  [70/1760] 20230317 https://www.doordash.com/store/1012102/ … 0 items
  [71/1760] 20230208 https://www.doordash.com/store/1012144/ … 0 items
  [72/1760] 20230313 https://www.doordash.com/store/1012233/ … 65 items
  [73/1760] 20230129 https://www.doordash.com/store/1012552/ … 12 items
  [75/1760] 20230317 https://www.doordash.com/store/1013/ … 0 items
  [76/1760] 20230322 https://www.doordash.com/store/1013061/ … 33 items
  [77/1760] 20230125 https://www.doordash.com/store/101320/ … 0 items
  [78/1760] 20230125 https://www.doordash.com/store/101325/ … 0 items
  [81/1760] 20230213 https://www.doordash.com/store/101494/ … 85 items
  [82/1760] 20230130 https://www.doordash.com/store/1015172/ … 0 items
  [83/1760] 20230204 https://www.doordash.com/store/1015577/ … 52 items
  [84/1760] 20230117 https://www.doordash.com/store/101559/ … 0 items
  [85/1760] 20230303 https://www.doordash.com/store/1015622/ … 0 items
  [87/1760] 20230326 https://www.doordash.com/store/1016863/ … 0 items
  [88/1760] 20230318 https://www.doordash.com/store/101720/ … 0 items
  [89/1760] 20230323 https://www.doordash.com/store/1017447/ … 52 items
  [91/1760] 20230324 https://www.doordash.com/store/1018584/ … 0 items
  [92/1760] 20230307 https://www.doordash.com/store/1018636/ … 0 items
  [93/1760] 20230317 https://www.doordash.com/store/1018641/ … 85 items
  [94/1760] 20230313 https://www.doordash.com/store/1021528/ … 13 items
  [95/1760] 20230206 https://www.doordash.com/store/102162/?utm_source=partner-link&utm_med … 67 items
  [97/1760] 20230321 https://www.doordash.com/store/1023301/ … 22 items
  [98/1760] 20230131 https://www.doordash.com/store/1026349/ … 29 items
  [99/1760] 20230119 https://www.doordash.com/store/10264/ … 0 items
  [101/1760] 20230202 https://www.doordash.com/store/102701/ … 86 items
  [102/1760] 20230201 https://www.doordash.com/store/1027022/ … 0 items
  [103/1760] 20230223 https://www.doordash.com/store/102703/ … 0 items
  [104/1760] 20230321 https://www.doordash.com/store/1027165/?utm_source=partner-link&utm_me … 40 items
  [106/1760] 20230225 https://www.doordash.com/store/1027665/ … 0 items
  [107/1760] 20230126 https://www.doordash.com/store/1028623 … 28 items
  [108/1760] 20230318 https://www.doordash.com/store/102925/ … 0 items
  [109/1760] 20230320 https://www.doordash.com/store/1029777/ … 31 items
  [110/1760] 20230127 https://www.doordash.com/store/1029862/ … 84 items
  [111/1760] 20230318 https://www.doordash.com/store/103009/ … 0 items
  [112/1760] 20230331 https://www.doordash.com/store/1030575/ … 0 items
  [113/1760] 20230205 https://www.doordash.com/store/1031542?utm_source=partner-link&utm_med … 0 items
  [114/1760] 20230205 https://www.doordash.com/store/103204/ … 53 items
  [115/1760] 20230208 https://www.doordash.com/store/1032469/ … 0 items
  [116/1760] 20230205 https://www.doordash.com/store/1032962?utm_source=partner-link&utm_med … 0 items
  [117/1760] 20230329 https://www.doordash.com/store/103311/ … 0 items
  [118/1760] 20230325 https://www.doordash.com/store/1033532/ … 0 items
  [119/1760] 20230318 https://www.doordash.com/store/103378/ … 0 items
  [120/1760] 20230306 https://www.doordash.com/store/10345/ … 0 items
  [121/1760] 20230131 https://www.doordash.com/store/1034647/?utm_source=partner-link&utm_me … 0 items
  [122/1760] 20230219 https://www.doordash.com/store/1034930/ … 85 items
  [123/1760] 20230118 https://www.doordash.com/store/1034968/ … 77 items
  [124/1760] 20230209 https://www.doordash.com/store/1035210/ … 81 items
  [125/1760] 20230127 https://www.doordash.com/store/1035341/ … 82 items
  [126/1760] 20230320 https://www.doordash.com/store/103587/ … 79 items
  [127/1760] 20230218 https://www.doordash.com/store/1036097/ … 0 items
  [128/1760] 20230208 https://www.doordash.com/store/1036374/ … 0 items
  [129/1760] 20230318 https://www.doordash.com/store/103660/ … 61 items
  [130/1760] 20230204 https://www.doordash.com/store/103668/ … 0 items
  [131/1760] 20230120 https://www.doordash.com/store/1037460/ … 0 items
  [132/1760] 20230301 https://www.doordash.com/store/1037880/ … 75 items
  [133/1760] 20230131 https://www.doordash.com/store/1039098/ … 74 items
  [134/1760] 20230127 https://www.doordash.com/store/1039610/ … 84 items
  [135/1760] 20230206 https://www.doordash.com/store/1039741/ … 30 items
  [136/1760] 20230117 https://www.doordash.com/store/1040347/ … 0 items
  [137/1760] 20230223 https://www.doordash.com/store/104036/ … 0 items
  [138/1760] 20230326 https://www.doordash.com/store/1040434 … 0 items
  [139/1760] 20230320 https://www.doordash.com/store/104121/ … 85 items
  [140/1760] 20230224 https://www.doordash.com/store/104153/ … 44 items
  [141/1760] 20230329 https://www.doordash.com/store/1041820/ … 81 items
  [142/1760] 20230315 https://www.doordash.com/store/1042107/ … 85 items
  [143/1760] 20230114 https://www.doordash.com/store/104222/ … 85 items
  [144/1760] 20230223 https://www.doordash.com/store/104268/ … 87 items
  [145/1760] 20230128 https://www.doordash.com/store/104305/ … 0 items
  [146/1760] 20230209 https://www.doordash.com/store/1043113?utm_source=Arbys&utm_medium=Web … 0 items
  [147/1760] 20230120 https://www.doordash.com/store/1043288/ … 81 items
  [148/1760] 20230316 https://www.doordash.com/store/1043380/ … 0 items
  [149/1760] 20230218 https://www.doordash.com/store/1043494/ … 0 items
  [150/1760] 20230315 https://www.doordash.com/store/1044277/ … 53 items
  [151/1760] 20230325 https://www.doordash.com/store/1044728/ … 0 items
  [152/1760] 20230128 https://www.doordash.com/store/1045790/?utm_source=partner-link&utm_me … 33 items
  [153/1760] 20230227 https://www.doordash.com/store/1045807/ … 81 items
  [154/1760] 20230318 https://www.doordash.com/store/1045951/ … 0 items
  [155/1760] 20230114 https://www.doordash.com/store/104704/ … 0 items
  [156/1760] 20230114 https://www.doordash.com/store/104716/ … 80 items
  [157/1760] 20230114 https://www.doordash.com/store/104758/ … 43 items
  [158/1760] 20230114 https://www.doordash.com/store/104766/ … 87 items
  [159/1760] 20230130 https://www.doordash.com/store/1048017/ … 52 items
  [160/1760] 20230114 https://www.doordash.com/store/104809/ … 85 items
  [161/1760] 20230624 https://www.doordash.com/store/$10-diner-tempe-24866633/ … 24 items
  [162/1760] 20230529 https://www.doordash.com/store/%231-chinese-restaurant-baltimore-16634 … 0 items
  [163/1760] 20230603 https://www.doordash.com/store/-24129647 … 81 items
  [167/1760] 20230402 https://www.doordash.com/store/1007399/ … 0 items
  [168/1760] 20230529 https://www.doordash.com/store/1007401/ … 22 items
  [169/1760] 20230605 https://www.doordash.com/store/1007406/ … 22 items
  [170/1760] 20230608 https://www.doordash.com/store/1007442/ … 27 items
  [171/1760] 20230606 https://www.doordash.com/store/1007464/ … 25 items
  [172/1760] 20230402 https://www.doordash.com/store/1007466/ … 25 items
  [173/1760] 20230530 https://www.doordash.com/store/1007480/ … 4 items
  [174/1760] 20230609 https://www.doordash.com/store/1008060/ … 85 items
  [176/1760] 20230608 https://www.doordash.com/store/1011095 … 36 items
  [177/1760] 20230602 https://www.doordash.com/store/1011368 … 14 items
  [178/1760] 20230605 https://www.doordash.com/store/1013643/ … 41 items
  [179/1760] 20230514 https://www.doordash.com/store/1014217?utm_source=mx_share_android … 78 items
  [180/1760] 20230531 https://www.doordash.com/store/10156/?utm_source=partner-link&utm_medi … 68 items
  [181/1760] 20230603 https://www.doordash.com/store/101622/?utm_source=Enterprise_Partnersh … 27 items
  [182/1760] 20230609 https://www.doordash.com/store/1018602/ … 80 items
  [183/1760] 20230609 https://www.doordash.com/store/1019446/?utm_source=partner-link&utm_me … 0 items
  [184/1760] 20230601 https://www.doordash.com/store/102227/?utm_source=partner-link&utm_med … 86 items
  [185/1760] 20230528 https://www.doordash.com/store/1022636/?utm_source=Enterprise_Partners … 27 items
  [186/1760] 20230616 https://www.doordash.com/store/1026763 … 85 items
  [187/1760] 20230607 https://www.doordash.com/store/102704/ … 84 items
  [188/1760] 20230610 https://www.doordash.com/store/1028210 … 29 items
  [189/1760] 20230529 https://www.doordash.com/store/1033198/?utm_source=Enterprise_Partners … 27 items
  [190/1760] 20230610 https://www.doordash.com/store/1033424/ … 73 items
  [191/1760] 20230608 https://www.doordash.com/store/1034953 … 24 items
  [192/1760] 20230608 https://www.doordash.com/store/1034980 … 27 items
  [193/1760] 20230608 https://www.doordash.com/store/1035654 … 27 items
  [194/1760] 20230407 https://www.doordash.com/store/1036325/ … 37 items
  [195/1760] 20230402 https://www.doordash.com/store/103663/ … 81 items
  [196/1760] 20230513 https://www.doordash.com/store/103804/ … 81 items
  [197/1760] 20230610 https://www.doordash.com/store/1038072/ … 76 items
  [198/1760] 20230530 https://www.doordash.com/store/1038930/?utm_source=partner-link&utm_me … 11 items
  [199/1760] 20230605 https://www.doordash.com/store/1040424/ … 72 items
  [200/1760] 20230402 https://www.doordash.com/store/1042801?utm_source=Arbys&utm_medium=Web … 0 items
  [201/1760] 20230616 https://www.doordash.com/store/1044116/?event_type=autocomplete&pickup … 46 items
  [202/1760] 20230402 https://www.doordash.com/store/1046863?utm_source=Arbys&utm_medium=Web … 0 items
  [203/1760] 20230602 https://www.doordash.com/store/1047002/?utm_source=partner-link\u0026u … 47 items
  [204/1760] 20230603 https://www.doordash.com/store/1049175/?utm_source=partnerlink&utm_med … 0 items
  [205/1760] 20230603 https://www.doordash.com/store/105018?utm_source=mx_share&__cf_chl_rt_ … 75 items
  [206/1760] 20230513 https://www.doordash.com/store/1051302/ … 81 items
  [207/1760] 20230401 https://www.doordash.com/store/1051599/ … 0 items
  [208/1760] 20230602 https://www.doordash.com/store/1051918?utm_source=partner-link&utm_med … 77 items
  [209/1760] 20230605 https://www.doordash.com/store/1052866/ … 80 items
  [210/1760] 20230402 https://www.doordash.com/store/105395/ … 0 items
  [211/1760] 20230610 https://www.doordash.com/store/1054282 … 8 items
  [212/1760] 20230609 https://www.doordash.com/store/1054533/?utm_source=partner-link&utm_me … 44 items
  [213/1760] 20230609 https://www.doordash.com/store/1054545/?utm_source=partner-link&utm_me … 39 items
  [214/1760] 20230402 https://www.doordash.com/store/10546/ … 81 items
  [215/1760] 20230413 https://www.doordash.com/store/1055098/ … 85 items
  [216/1760] 20230402 https://www.doordash.com/store/1055886/ … 84 items
  [217/1760] 20230601 https://www.doordash.com/store/1056397/ … 64 items
  [218/1760] 20230530 https://www.doordash.com/store/1057287/?utm_source=Enterprise_Partners … 27 items
  [219/1760] 20230605 https://www.doordash.com/store/1057300/?utm_source=Enterprise_Partners … 26 items
  [220/1760] 20230606 https://www.doordash.com/store/1057340/?utm_source=Enterprise_Partners … 26 items
  [221/1760] 20230603 https://www.doordash.com/store/1057353/?utm_source=Enterprise_Partners … 27 items
  [222/1760] 20230602 https://www.doordash.com/store/1057361/?utm_source=Enterprise_Partners … 27 items
  [223/1760] 20230604 https://www.doordash.com/store/1057374/?utm_source=Enterprise_Partners … 27 items
  [224/1760] 20230603 https://www.doordash.com/store/1057423/?utm_source=Enterprise_Partners … 27 items
  [225/1760] 20230605 https://www.doordash.com/store/105771/ … 86 items
  [226/1760] 20230402 https://www.doordash.com/store/1059539/ … 81 items
  [227/1760] 20230608 https://www.doordash.com/store/1059768/ … 32 items
  [228/1760] 20230513 https://www.doordash.com/store/1060139/ … 81 items
  [229/1760] 20230608 https://www.doordash.com/store/10606/?utm_campaign=10606&utm_medium=we … 89 items
  [230/1760] 20230519 https://www.doordash.com/store/1065234/ … 81 items
  [231/1760] 20230603 https://www.doordash.com/store/10653/ … 82 items
  [232/1760] 20230610 https://www.doordash.com/store/1065303/ … 24 items
  [233/1760] 20230529 https://www.doordash.com/store/1066485/ … 84 items
  [234/1760] 20230530 https://www.doordash.com/store/1066718/ … 36 items
  [235/1760] 20230609 https://www.doordash.com/store/1067073/?utm_source=partner-link&utm_me … 26 items
  [236/1760] 20230604 https://www.doordash.com/store/1067891/?utm_source=Enterprise_Partners … 75 items
  [237/1760] 20230604 https://www.doordash.com/store/1067923/?utm_source=Enterprise_Partners … 74 items
  [238/1760] 20230604 https://www.doordash.com/store/1068088/?utm_source=Enterprise_Partners … 74 items
  [239/1760] 20230529 https://www.doordash.com/store/1068114/?utm_source=Enterprise_Partners … 75 items
  [240/1760] 20230528 https://www.doordash.com/store/1068769/ … 30 items
  [241/1760] 20230604 https://www.doordash.com/store/1069233/?utm_source=Enterprise_Partners … 75 items
  [242/1760] 20230604 https://www.doordash.com/store/1069432/?utm_source=Enterprise_Partners … 74 items
  [243/1760] 20230529 https://www.doordash.com/store/1070268/?utm_source=Enterprise_Partners … 73 items
  [244/1760] 20230513 https://www.doordash.com/store/1070372/ … 70 items
  [245/1760] 20230609 https://www.doordash.com/store/1070545/ … 85 items
  [246/1760] 20230529 https://www.doordash.com/store/1071452/?utm_source=Enterprise_Partners … 75 items
  [247/1760] 20230604 https://www.doordash.com/store/1072004/?utm_source=Enterprise_Partners … 75 items
  [248/1760] 20230604 https://www.doordash.com/store/1072128/?utm_source=Enterprise_Partners … 74 items
  [249/1760] 20230604 https://www.doordash.com/store/1072130/?utm_source=Enterprise_Partners … 75 items
  [250/1760] 20230604 https://www.doordash.com/store/1072206/?utm_source=Enterprise_Partners … 73 items
  [251/1760] 20230604 https://www.doordash.com/store/1072252/?utm_source=Enterprise_Partners … 68 items
  [252/1760] 20230602 https://www.doordash.com/store/1073828?utm_source=partner-link&utm_med … 79 items
  [253/1760] 20230403 https://www.doordash.com/store/1073927 … 23 items
  [254/1760] 20230604 https://www.doordash.com/store/1076852/?utm_source=Enterprise_Partners … 27 items
  [255/1760] 20230402 https://www.doordash.com/store/1079125/ … 84 items
  [256/1760] 20230608 https://www.doordash.com/store/1085751/?utm_source=partner-link&utm_me … 51 items
  [257/1760] 20230402 https://www.doordash.com/store/108600?utm_source=Arbys&utm_medium=Webl … 57 items
  [258/1760] 20230528 https://www.doordash.com/store/1088819/ … 26 items
  [259/1760] 20230608 https://www.doordash.com/store/1089677/ … 81 items
  [260/1760] 20230607 https://www.doordash.com/store/109-burger-joint-corp-miami-73844/ … 80 items
  [261/1760] 20230613 https://www.doordash.com/store/1091169/item/8663408224 … 81 items
  [262/1760] 20230613 https://www.doordash.com/store/1091169/item/8663408224?utm_source=mx_s … 81 items
  [263/1760] 20230602 https://www.doordash.com/store/1091356 … 64 items
  [264/1760] 20230607 https://www.doordash.com/store/1093815/?utm_source=partner-link&utm_me … 13 items
  [265/1760] 20230401 https://www.doordash.com/store/1093886/?utm_source=partner-link&utm_me … 0 items
  [266/1760] 20230602 https://www.doordash.com/store/1096344?utm_source=partner-link&utm_med … 79 items
  [267/1760] 20230401 https://www.doordash.com/store/1099999/ … 84 items
  [268/1760] 20230608 https://www.doordash.com/store/110-bagel-market-&-bistro-melville-9041 … 84 items
  [269/1760] 20230402 https://www.doordash.com/store/110112?utm_source=Arbys&utm_medium=Webl … 0 items
  [270/1760] 20230604 https://www.doordash.com/store/1101663/?utm_source=Enterprise_Partners … 68 items
  [271/1760] 20230604 https://www.doordash.com/store/1101789/?utm_source=Enterprise_Partners … 74 items
  [272/1760] 20230604 https://www.doordash.com/store/1101822/?utm_source=Enterprise_Partners … 75 items
  [273/1760] 20230604 https://www.doordash.com/store/1101902/?utm_source=Enterprise_Partners … 75 items
  [274/1760] 20230528 https://www.doordash.com/store/1101918/?utm_source=Enterprise_Partners … 73 items
  [275/1760] 20230510 https://www.doordash.com/store/1103814/item/7539354379?utm_source=mx_s … 81 items
  [276/1760] 20230601 https://www.doordash.com/store/1105029/ … 83 items
  [277/1760] 20230607 https://www.doordash.com/store/1105031/ … 83 items
  [278/1760] 20230527 https://www.doordash.com/store/1105252/ … 47 items
  [279/1760] 20230604 https://www.doordash.com/store/1105912/?utm_source=partner-link&utm_me … 30 items
  [280/1760] 20230606 https://www.doordash.com/store/111590/?utm_source=partner-link&utm_med … 58 items
  [281/1760] 20230603 https://www.doordash.com/store/1119812/ … 25 items
  [282/1760] 20230603 https://www.doordash.com/store/112157/ … 81 items
  [283/1760] 20230521 https://www.doordash.com/store/112187/ … 81 items
  [284/1760] 20230607 https://www.doordash.com/store/1122264/ … 43 items
  [285/1760] 20230608 https://www.doordash.com/store/1123014/ … 81 items
  [286/1760] 20230602 https://www.doordash.com/store/112393/ … 25 items
  [287/1760] 20230528 https://www.doordash.com/store/112511/ … 87 items
  [288/1760] 20230521 https://www.doordash.com/store/112521/ … 82 items
  [289/1760] 20230606 https://www.doordash.com/store/112527/ … 87 items
  [290/1760] 20230513 https://www.doordash.com/store/112551/ … 78 items
  [291/1760] 20230603 https://www.doordash.com/store/1125/?pickup=trueutm_source=partner-lin … 85 items
  [292/1760] 20230607 https://www.doordash.com/store/1129620/ … 45 items
  [293/1760] 20230603 https://www.doordash.com/store/113188/?utm_source=Enterprise_Partnersh … 27 items
  [294/1760] 20230529 https://www.doordash.com/store/113200/?utm_source=Enterprise_Partnersh … 27 items
  [295/1760] 20230607 https://www.doordash.com/store/1132740/ … 50 items
  [296/1760] 20230604 https://www.doordash.com/store/1133855/ … 88 items
  [297/1760] 20230610 https://www.doordash.com/store/113440/?utm_source=Enterprise_Partnersh … 26 items
  [298/1760] 20230530 https://www.doordash.com/store/113465/?utm_source=Enterprise_Partnersh … 27 items
  [299/1760] 20230528 https://www.doordash.com/store/1135102/ … 57 items
  [300/1760] 20230528 https://www.doordash.com/store/113671/ … 81 items
  [301/1760] 20230528 https://www.doordash.com/store/113676/ … 81 items
  [302/1760] 20230625 https://www.doordash.com/store/1140349?cursor=eyJzdG9yZV92ZXJ0aWNhbF9p … 80 items
  [303/1760] 20230407 https://www.doordash.com/store/1141149/ … 0 items
  [304/1760] 20230402 https://www.doordash.com/store/1142450/ … 81 items
  [305/1760] 20230530 https://www.doordash.com/store/1143182/?utm_source=Enterprise_Partners … 27 items
  [306/1760] 20230604 https://www.doordash.com/store/1143192/?utm_source=Enterprise_Partners … 27 items
  [307/1760] 20230603 https://www.doordash.com/store/1143195/?utm_source=Enterprise_Partners … 27 items
  [308/1760] 20230605 https://www.doordash.com/store/1143214/?utm_source=Enterprise_Partners … 26 items
  [309/1760] 20230606 https://www.doordash.com/store/1143215/?utm_source=Enterprise_Partners … 26 items
  [310/1760] 20230604 https://www.doordash.com/store/1143239/?utm_source=Enterprise_Partners … 27 items
  [311/1760] 20230610 https://www.doordash.com/store/1143302/?utm_source=Enterprise_Partners … 26 items
  [312/1760] 20230605 https://www.doordash.com/store/1143591/?utm_source=Enterprise_Partners … 25 items
  [313/1760] 20230623 https://www.doordash.com/store/1143724?event_type=autocomplete&pickup= … 70 items
  [314/1760] 20230528 https://www.doordash.com/store/114418/ … 75 items
  [315/1760] 20230402 https://www.doordash.com/store/1144891/ … 0 items
  [316/1760] 20230606 https://www.doordash.com/store/114591/ … 81 items
  [317/1760] 20230621 https://www.doordash.com/store/1146644?cursor=eyJzdG9yZV92ZXJ0aWNhbF9p … 81 items
  [318/1760] 20230614 https://www.doordash.com/store/1146644?pickup=false … 81 items
  [319/1760] 20230601 https://www.doordash.com/store/1146847/ … 83 items
  [320/1760] 20230529 https://www.doordash.com/store/1147186/?utm_source=Enterprise_Partners … 74 items
  [338/1760] 20230927 https://www.doordash.com/store/10156/?utm_source=partner-link%5Cu0026u … 68 items
  [339/1760] 20230930 https://www.doordash.com/store/101578/ … 84 items
  [340/1760] 20230923 https://www.doordash.com/store/101708/?utm_source=Enterprise_Partnersh … 25 items
  [341/1760] 20230930 https://www.doordash.com/store/101778/ … 9 items
  [342/1760] 20230923 https://www.doordash.com/store/1021516/ … 84 items
  [343/1760] 20230928 https://www.doordash.com/store/102241/ … 80 items
  [344/1760] 20230902 https://www.doordash.com/store/1022854?cursor=eyJzdG9yZV92ZXJ0aWNhbF9p … 85 items
  [345/1760] 20230923 https://www.doordash.com/store/102379/?utm_source=partner-link&utm_med … 81 items
  [346/1760] 20230927 https://www.doordash.com/store/102409/?utm_source=partner-link&utm_med … 77 items
  [347/1760] 20230921 https://www.doordash.com/store/102702/ … 83 items
  [348/1760] 20230928 https://www.doordash.com/store/102790/?utm_source=partner-link&utm_med … 66 items
  [349/1760] 20230805 https://www.doordash.com/store/10283/ … 85 items
  [350/1760] 20230929 https://www.doordash.com/store/1029166/?utm_source=partner-link&utm_me … 47 items
  [351/1760] 20230929 https://www.doordash.com/store/1029218/?utm_source=partner-link&utm_me … 45 items
  [352/1760] 20230928 https://www.doordash.com/store/1031991/ … 49 items
  [353/1760] 20230922 https://www.doordash.com/store/103254/ … 82 items
  [354/1760] 20230922 https://www.doordash.com/store/1033658/ … 81 items
  [355/1760] 20230924 https://www.doordash.com/store/1034441/ … 65 items
  [356/1760] 20230929 https://www.doordash.com/store/103446/ … 82 items
  [357/1760] 20230927 https://www.doordash.com/store/103453/? … 80 items
  [358/1760] 20230927 https://www.doordash.com/store/1036234/ … 84 items
  [359/1760] 20230923 https://www.doordash.com/store/1039519/ … 83 items
  [360/1760] 20230925 https://www.doordash.com/store/1043946/ … 82 items
  [361/1760] 20230928 https://www.doordash.com/store/1045919/ … 84 items
  [362/1760] 20230928 https://www.doordash.com/store/1046298/ … 81 items
  [363/1760] 20230716 https://www.doordash.com/store/104688/ … 89 items
  [364/1760] 20230930 https://www.doordash.com/store/1047002/?utm_source=partner-link&utm_me … 47 items
  [365/1760] 20230901 https://www.doordash.com/store/1048054/ … 72 items
  [366/1760] 20230930 https://www.doordash.com/store/1048599/ … 81 items
  [367/1760] 20230930 https://www.doordash.com/store/1051059/?utm_source=Enterprise_Partners … 70 items
  [368/1760] 20230923 https://www.doordash.com/store/105621/?utm_source=partner-link&utm_med … 83 items
  [369/1760] 20230927 https://www.doordash.com/store/1057342/?utm_source=Enterprise_Partners … 25 items
  [370/1760] 20230926 https://www.doordash.com/store/1057443/ … 84 items
  [371/1760] 20230926 https://www.doordash.com/store/1058177/ … 46 items
  [372/1760] 20230923 https://www.doordash.com/store/1058447/ … 81 items
  [373/1760] 20230925 https://www.doordash.com/store/1058542/ … 81 items
  [374/1760] 20230921 https://www.doordash.com/store/1059231/ … 38 items
  [375/1760] 20230928 https://www.doordash.com/store/1059773/ … 38 items
  [376/1760] 20230924 https://www.doordash.com/store/1061216/ … 82 items
  [377/1760] 20230928 https://www.doordash.com/store/1061249/ … 53 items
  [378/1760] 20230928 https://www.doordash.com/store/1061607/ … 28 items
  [379/1760] 20230922 https://www.doordash.com/store/1062072/ … 65 items
  [380/1760] 20230928 https://www.doordash.com/store/1062077/ … 66 items
  [381/1760] 20230923 https://www.doordash.com/store/1062990/ … 50 items
  [382/1760] 20230924 https://www.doordash.com/store/1065203/ … 82 items
  [383/1760] 20230929 https://www.doordash.com/store/1065215/ … 78 items
  [384/1760] 20230922 https://www.doordash.com/store/1066367/ … 49 items
  [385/1760] 20230926 https://www.doordash.com/store/1067656/?utm_source=Enterprise_Partners … 63 items
  [386/1760] 20230924 https://www.doordash.com/store/1067670/?utm_source=Enterprise_Partners … 70 items
  [387/1760] 20230925 https://www.doordash.com/store/1067710/?utm_source=Enterprise_Partners … 62 items
  [388/1760] 20230925 https://www.doordash.com/store/1067843/?utm_source=Enterprise_Partners … 70 items
  [389/1760] 20230925 https://www.doordash.com/store/1067917/?utm_source=Enterprise_Partners … 70 items
  [390/1760] 20230925 https://www.doordash.com/store/1068008/?utm_source=Enterprise_Partners … 70 items
  [391/1760] 20230925 https://www.doordash.com/store/1068108/?utm_source=Enterprise_Partners … 61 items
  [392/1760] 20230820 https://www.doordash.com/store/1068172?cursor=eyJzdG9yZV92ZXJ0aWNhbF9p … 63 items
  [393/1760] 20230923 https://www.doordash.com/store/1069080/?utm_source=Enterprise_Partners … 67 items
  [394/1760] 20230925 https://www.doordash.com/store/1069083/?utm_source=Enterprise_Partners … 64 items
  [395/1760] 20230925 https://www.doordash.com/store/1069351/?utm_source=Enterprise_Partners … 66 items
  [396/1760] 20230923 https://www.doordash.com/store/1069570/?utm_source=Enterprise_Partners … 67 items
  [397/1760] 20230925 https://www.doordash.com/store/1069588/?utm_source=Enterprise_Partners … 70 items
  [398/1760] 20230923 https://www.doordash.com/store/1069696/?utm_source=Enterprise_Partners … 70 items
  [399/1760] 20230925 https://www.doordash.com/store/1069714/?utm_source=Enterprise_Partners … 63 items
  [400/1760] 20230921 https://www.doordash.com/store/1069733/?utm_source=Enterprise_Partners … 70 items
  [401/1760] 20230925 https://www.doordash.com/store/1069997/?utm_source=Enterprise_Partners … 63 items
  [402/1760] 20230922 https://www.doordash.com/store/10700/ … 49 items
  [403/1760] 20230924 https://www.doordash.com/store/1070012/?utm_source=Enterprise_Partners … 70 items
  [404/1760] 20230923 https://www.doordash.com/store/1070038/?utm_source=Enterprise_Partners … 69 items
  [405/1760] 20230925 https://www.doordash.com/store/1070269/?utm_source=Enterprise_Partners … 67 items
  [406/1760] 20230925 https://www.doordash.com/store/1070270/?utm_source=Enterprise_Partners … 65 items
  [407/1760] 20230923 https://www.doordash.com/store/1070284/?utm_source=Enterprise_Partners … 66 items
  [408/1760] 20230926 https://www.doordash.com/store/1070445/ … 57 items
  [409/1760] 20230925 https://www.doordash.com/store/1071362/?utm_source=Enterprise_Partners … 70 items
  [410/1760] 20230925 https://www.doordash.com/store/1071451/?utm_source=Enterprise_Partners … 68 items
  [411/1760] 20230923 https://www.doordash.com/store/1071522/?utm_source=Enterprise_Partners … 69 items
  [412/1760] 20230925 https://www.doordash.com/store/1071689/?utm_source=Enterprise_Partners … 68 items
  [413/1760] 20230925 https://www.doordash.com/store/1071702/?utm_source=Enterprise_Partners … 65 items
  [414/1760] 20230923 https://www.doordash.com/store/1071707/?utm_source=Enterprise_Partners … 69 items
  [415/1760] 20230921 https://www.doordash.com/store/1071778/?utm_source=Enterprise_Partners … 69 items
  [416/1760] 20230925 https://www.doordash.com/store/1071832/?utm_source=Enterprise_Partners … 68 items
  [417/1760] 20230924 https://www.doordash.com/store/1071846/?utm_source=Enterprise_Partners … 68 items
  [418/1760] 20230926 https://www.doordash.com/store/1071862/?utm_source=Enterprise_Partners … 69 items
  [419/1760] 20230925 https://www.doordash.com/store/1071895/?utm_source=Enterprise_Partners … 70 items
  [420/1760] 20230925 https://www.doordash.com/store/1071905/?utm_source=Enterprise_Partners … 67 items
  [421/1760] 20230925 https://www.doordash.com/store/1071989/?utm_source=Enterprise_Partners … 68 items
  [422/1760] 20230926 https://www.doordash.com/store/1071995/?utm_source=Enterprise_Partners … 69 items
  [423/1760] 20230925 https://www.doordash.com/store/1072020/?utm_source=Enterprise_Partners … 70 items
  [424/1760] 20230925 https://www.doordash.com/store/1072082/?utm_source=Enterprise_Partners … 69 items
  [425/1760] 20230925 https://www.doordash.com/store/1072265/?utm_source=Enterprise_Partners … 70 items
  [426/1760] 20230923 https://www.doordash.com/store/1073289/?utm_source=Enterprise_Partners … 70 items
  [427/1760] 20230928 https://www.doordash.com/store/1075918/ … 82 items
  [428/1760] 20230929 https://www.doordash.com/store/1077924/ … 73 items
  [429/1760] 20230928 https://www.doordash.com/store/1079744/ … 50 items
  [430/1760] 20230921 https://www.doordash.com/store/1080548/ … 81 items
  [431/1760] 20230924 https://www.doordash.com/store/1080851/ … 30 items
  [432/1760] 20230920 https://www.doordash.com/store/1081497?cursor=eyJzdG9yZV92ZXJ0aWNhbF9p … 16 items
  [433/1760] 20230930 https://www.doordash.com/store/1084634/ … 84 items
  [434/1760] 20230927 https://www.doordash.com/store/1086044/?utm_source=Enterprise_Partners … 24 items
  [435/1760] 20230925 https://www.doordash.com/store/1086292 … 22 items
  [436/1760] 20230926 https://www.doordash.com/store/1091028/ … 82 items
  [437/1760] 20230930 https://www.doordash.com/store/1091372/ … 90 items
  [438/1760] 20230928 https://www.doordash.com/store/1091491/ … 43 items
  [439/1760] 20230922 https://www.doordash.com/store/1091831 … 71 items
  [440/1760] 20230805 https://www.doordash.com/store/10920/ … 86 items
  [441/1760] 20230928 https://www.doordash.com/store/1092762/ … 91 items
  [442/1760] 20230923 https://www.doordash.com/store/1094238/?utm_source=partner-link&utm_me … 74 items
  [443/1760] 20230926 https://www.doordash.com/store/1095528/ … 63 items
  [444/1760] 20230927 https://www.doordash.com/store/1096263/ … 83 items
  [445/1760] 20230924 https://www.doordash.com/store/1096478/ … 74 items
  [446/1760] 20230922 https://www.doordash.com/store/1097749/ … 36 items
  [447/1760] 20230926 https://www.doordash.com/store/1098046/ … 83 items
  [448/1760] 20230929 https://www.doordash.com/store/11016/ … 63 items
  [449/1760] 20230925 https://www.doordash.com/store/1101689/?utm_source=Enterprise_Partners … 65 items
  [450/1760] 20230925 https://www.doordash.com/store/1101862/?utm_source=Enterprise_Partners … 69 items
  [451/1760] 20230923 https://www.doordash.com/store/1101933/?utm_source=Enterprise_Partners … 70 items
  [452/1760] 20230831 https://www.doordash.com/store/1103698/ … 90 items
  [453/1760] 20230926 https://www.doordash.com/store/1103755/ … 82 items
  [454/1760] 20230928 https://www.doordash.com/store/1103853/ … 81 items
  [455/1760] 20230901 https://www.doordash.com/store/1103956/ … 88 items
  [456/1760] 20230930 https://www.doordash.com/store/1105868/ … 83 items
  [457/1760] 20230924 https://www.doordash.com/store/1110985/ … 82 items
  [458/1760] 20230930 https://www.doordash.com/store/111526/?utm_source=partner-link&utm_med … 18 items
  [459/1760] 20230805 https://www.doordash.com/store/111583/ … 58 items
  [460/1760] 20230805 https://www.doordash.com/store/111584/ … 58 items
  [461/1760] 20230805 https://www.doordash.com/store/111585/ … 58 items
  [462/1760] 20230805 https://www.doordash.com/store/111653/ … 37 items
  [463/1760] 20230928 https://www.doordash.com/store/112158/ … 84 items
  [464/1760] 20230922 https://www.doordash.com/store/1121978/ … 66 items
  [465/1760] 20230930 https://www.doordash.com/store/1122285/ … 77 items
  [466/1760] 20230923 https://www.doordash.com/store/1122888/ … 72 items
  [467/1760] 20230926 https://www.doordash.com/store/1125079/ … 50 items
  [468/1760] 20230922 https://www.doordash.com/store/1125335/?utm_source=partner-link&utm_me … 33 items
  [469/1760] 20230925 https://www.doordash.com/store/112559/ … 82 items
  [470/1760] 20230930 https://www.doordash.com/store/112632/ … 89 items
  [471/1760] 20230927 https://www.doordash.com/store/1126832/ … 63 items
  [472/1760] 20230927 https://www.doordash.com/store/112781/ … 67 items
  [473/1760] 20230926 https://www.doordash.com/store/112797/ … 81 items
  [474/1760] 20230929 https://www.doordash.com/store/1128245/ … 84 items
  [475/1760] 20230720 https://www.doordash.com/store/1128381?cursor=eyJzdG9yZV92ZXJ0aWNhbF9p … 70 items
  [476/1760] 20230922 https://www.doordash.com/store/112873/ … 86 items
  [477/1760] 20230810 https://www.doordash.com/store/1128795?cursor=eyJzdG9yZV92ZXJ0aWNhbF9p … 69 items
  [478/1760] 20230921 https://www.doordash.com/store/1130098/ … 15 items
  [479/1760] 20230927 https://www.doordash.com/store/11304/ … 70 items
  [480/1760] 20230927 https://www.doordash.com/store/113429/ … 81 items
  [495/1760] 20231211 https://www.doordash.com/store/1005568/ … 0 items
  [518/1760] 20231202 https://www.doordash.com/store/1009264/ … 79 items
  [533/1760] 20231001 https://www.doordash.com/store/1021730/ … 86 items
  [534/1760] 20231128 https://www.doordash.com/store/102215/ … 32 items
  [535/1760] 20231204 https://www.doordash.com/store/1022185/ … 83 items
  [536/1760] 20231001 https://www.doordash.com/store/1022186/ … 31 items
  [537/1760] 20231206 https://www.doordash.com/store/1022493/?utm_source=Enterprise_Partners … 26 items
  [538/1760] 20231206 https://www.doordash.com/store/1022517/?utm_source=Enterprise_Partners … 28 items
  [539/1760] 20231002 https://www.doordash.com/store/1022553/?utm_source=Enterprise_Partners … 25 items
  [540/1760] 20231211 https://www.doordash.com/store/1023174/ … 42 items
  [541/1760] 20231216 https://www.doordash.com/store/1025487/ … 87 items
  [542/1760] 20231208 https://www.doordash.com/store/1025642/ … 81 items
  [543/1760] 20231002 https://www.doordash.com/store/1025651/?utm_source=Enterprise_Partners … 25 items
  [544/1760] 20231203 https://www.doordash.com/store/102572/?utm_source=partner-link&utm_med … 85 items
  [545/1760] 20231211 https://www.doordash.com/store/102699/ … 85 items
  [546/1760] 20231209 https://www.doordash.com/store/1027007/ … 53 items
  [548/1760] 20231130 https://www.doordash.com/store/1027112/?utm_source=Enterprise_Partners … 25 items
  [549/1760] 20231205 https://www.doordash.com/store/102790/ … 65 items
  [550/1760] 20231208 https://www.doordash.com/store/1028099 … 18 items
  [551/1760] 20231208 https://www.doordash.com/store/1028099/?pickup=true … 18 items
  [552/1760] 20231210 https://www.doordash.com/store/1028147 … 18 items
  [553/1760] 20231210 https://www.doordash.com/store/1028147/?pickup=true … 18 items
  [554/1760] 20231211 https://www.doordash.com/store/1028169 … 17 items
  [555/1760] 20231211 https://www.doordash.com/store/1028169/?pickup=true … 17 items
  [556/1760] 20231208 https://www.doordash.com/store/1028176 … 18 items
  [557/1760] 20231208 https://www.doordash.com/store/1028176/?pickup=true … 18 items
  [558/1760] 20231211 https://www.doordash.com/store/1028193 … 18 items
  [559/1760] 20231211 https://www.doordash.com/store/1028193/?pickup=true … 18 items
  [560/1760] 20231211 https://www.doordash.com/store/1028194 … 18 items
  [561/1760] 20231211 https://www.doordash.com/store/1028194/?pickup=true … 18 items
  [562/1760] 20231203 https://www.doordash.com/store/1028203 … 18 items
  [563/1760] 20231209 https://www.doordash.com/store/1028203/?pickup=true … 18 items
  [564/1760] 20231211 https://www.doordash.com/store/1028239 … 18 items
  [565/1760] 20231211 https://www.doordash.com/store/1028239/?pickup=true … 18 items
  [566/1760] 20231208 https://www.doordash.com/store/1028242 … 18 items
  [567/1760] 20231208 https://www.doordash.com/store/1028242/?pickup=true … 18 items
  [568/1760] 20231203 https://www.doordash.com/store/1028249 … 18 items
  [569/1760] 20231206 https://www.doordash.com/store/1028249/?pickup=true … 18 items
  [570/1760] 20231211 https://www.doordash.com/store/1028319 … 18 items
  [571/1760] 20231211 https://www.doordash.com/store/1028319/?pickup=true … 0 items
  [572/1760] 20231205 https://www.doordash.com/store/1028374 … 18 items
  [573/1760] 20231206 https://www.doordash.com/store/1028374/?pickup=true … 18 items
  [574/1760] 20231202 https://www.doordash.com/store/1028392 … 18 items
  [575/1760] 20231211 https://www.doordash.com/store/1028392/?pickup=true … 18 items
  [576/1760] 20231202 https://www.doordash.com/store/1028403 … 18 items
  [577/1760] 20231202 https://www.doordash.com/store/1028403/?pickup=true … 18 items
  [578/1760] 20231221 https://www.doordash.com/store/1028410/ … 24 items
  [579/1760] 20231209 https://www.doordash.com/store/1028419 … 18 items
  [580/1760] 20231206 https://www.doordash.com/store/1028419/?pickup=true … 18 items
  [581/1760] 20231202 https://www.doordash.com/store/1028446 … 18 items
  [582/1760] 20231211 https://www.doordash.com/store/1028446/?pickup=true … 18 items
  [583/1760] 20231203 https://www.doordash.com/store/1028463 … 18 items
  [584/1760] 20231206 https://www.doordash.com/store/1028463/?pickup=true … 18 items
  [585/1760] 20231211 https://www.doordash.com/store/1028467 … 18 items
  [586/1760] 20231211 https://www.doordash.com/store/1028467/?pickup=true … 18 items
  [587/1760] 20231206 https://www.doordash.com/store/1028473 … 18 items
  [588/1760] 20231206 https://www.doordash.com/store/1028473/?pickup=true … 18 items
  [589/1760] 20231210 https://www.doordash.com/store/1028496 … 18 items
  [590/1760] 20231210 https://www.doordash.com/store/1028496/?pickup=true … 18 items
  [591/1760] 20231211 https://www.doordash.com/store/1028520 … 18 items
  [592/1760] 20231211 https://www.doordash.com/store/1028520/?pickup=true … 18 items
  [593/1760] 20231211 https://www.doordash.com/store/1028527 … 18 items
  [594/1760] 20231211 https://www.doordash.com/store/1028527/?pickup=true … 0 items
  [595/1760] 20231205 https://www.doordash.com/store/1028582 … 18 items
  [596/1760] 20231206 https://www.doordash.com/store/1028582/?pickup=true … 18 items
  [597/1760] 20231210 https://www.doordash.com/store/1028614 … 0 items
  [598/1760] 20231210 https://www.doordash.com/store/1028614/?pickup=true … 18 items
  [599/1760] 20231210 https://www.doordash.com/store/1028625 … 18 items
  [600/1760] 20231210 https://www.doordash.com/store/1028625/?pickup=true … 18 items
  [601/1760] 20231202 https://www.doordash.com/store/1028641 … 18 items
  [602/1760] 20231211 https://www.doordash.com/store/1028641/?pickup=true … 18 items
  [603/1760] 20231211 https://www.doordash.com/store/1028651 … 18 items
  [604/1760] 20231211 https://www.doordash.com/store/1028651/?pickup=true … 18 items
  [605/1760] 20231208 https://www.doordash.com/store/1028657 … 18 items
  [606/1760] 20231208 https://www.doordash.com/store/1028657/?pickup=true … 18 items
  [607/1760] 20231221 https://www.doordash.com/store/1028660/ … 18 items
  [608/1760] 20231203 https://www.doordash.com/store/1028661 … 18 items
  [609/1760] 20231209 https://www.doordash.com/store/1028661/?pickup=true … 18 items
  [610/1760] 20231208 https://www.doordash.com/store/1028683 … 18 items
  [611/1760] 20231208 https://www.doordash.com/store/1028683/?pickup=true … 18 items
  [612/1760] 20231221 https://www.doordash.com/store/1028694/ … 18 items
  [613/1760] 20231202 https://www.doordash.com/store/1028696 … 18 items
  [614/1760] 20231202 https://www.doordash.com/store/1028696/?pickup=true … 18 items
  [615/1760] 20231130 https://www.doordash.com/store/1028727 … 17 items
  [616/1760] 20231130 https://www.doordash.com/store/1028727/?pickup=true … 17 items
  [617/1760] 20231210 https://www.doordash.com/store/1028731 … 18 items
  [618/1760] 20231210 https://www.doordash.com/store/1028731/?pickup=true … 18 items
  [619/1760] 20231211 https://www.doordash.com/store/1028773 … 18 items
  [620/1760] 20231211 https://www.doordash.com/store/1028773/?pickup=true … 18 items
  [621/1760] 20231206 https://www.doordash.com/store/1028812 … 18 items
  [622/1760] 20231206 https://www.doordash.com/store/1028812/?pickup=true … 18 items
  [623/1760] 20231130 https://www.doordash.com/store/1028828 … 17 items
  [624/1760] 20231130 https://www.doordash.com/store/1028828/?pickup=true … 17 items
  [625/1760] 20231210 https://www.doordash.com/store/1028829 … 18 items
  [626/1760] 20231210 https://www.doordash.com/store/1028829/?pickup=true … 18 items
  [627/1760] 20231211 https://www.doordash.com/store/1028847 … 18 items
  [628/1760] 20231211 https://www.doordash.com/store/1028847/?pickup=true … 0 items
  [629/1760] 20231208 https://www.doordash.com/store/1028855 … 18 items
  [630/1760] 20231208 https://www.doordash.com/store/1028855/?pickup=true … 18 items
  [631/1760] 20231208 https://www.doordash.com/store/1028881 … 18 items
  [632/1760] 20231208 https://www.doordash.com/store/1028881/?pickup=true … 18 items
  [633/1760] 20231211 https://www.doordash.com/store/1028901 … 11 items
  [634/1760] 20231211 https://www.doordash.com/store/1028901/?pickup=true … 11 items
  [635/1760] 20231210 https://www.doordash.com/store/1028911 … 18 items
  [636/1760] 20231210 https://www.doordash.com/store/1028911/?pickup=true … 18 items
  [637/1760] 20231211 https://www.doordash.com/store/1028995 … 18 items
  [638/1760] 20231211 https://www.doordash.com/store/1028995/?pickup=true … 18 items
  [639/1760] 20231221 https://www.doordash.com/store/1029007/ … 18 items
  [640/1760] 20231211 https://www.doordash.com/store/1029015 … 18 items
  [641/1760] 20240311 https://www.doordash.com/store-next/ace-king-bbq-newark-858191 … 0 items
  [642/1760] 20240304 https://www.doordash.com/store/$9-meal-boxes-by-local-chefs-mountain-v … 0 items
  [643/1760] 20240222 https://www.doordash.com/store/%C3%94-chef--boulangerie-p%C3%A2tisseri … 0 items
  [645/1760] 20240229 https://www.doordash.com/store/%E3%82%B9%E3%83%91%E3%82%A4%E3%82%B7%E3 … 0 items
  [647/1760] 20240221 https://www.doordash.com/store/-ono-pok-bar-toronto-113689 … 0 items
  [650/1760] 20240330 https://www.doordash.com/store/100248/?cursor=eyJzdG9yZV9wcmltYXJ5X3Zl … 0 items
  [654/1760] 20240305 https://www.doordash.com/store/1007390/ … 0 items
  [657/1760] 20240302 https://www.doordash.com/store/1007420/ … 0 items
  [658/1760] 20240228 https://www.doordash.com/store/1007482/ … 0 items
  [660/1760] 20240225 https://www.doordash.com/store/1008237/ … 0 items
  [662/1760] 20240303 https://www.doordash.com/store/100856/ … 0 items
  [664/1760] 20240229 https://www.doordash.com/store/1009055/ … 0 items
  [666/1760] 20240306 https://www.doordash.com/store/1009879/?cursor=eyJzZWFyY2hfaXRlbV9jYXJ … 0 items
  [667/1760] 20240304 https://www.doordash.com/store/101-cafe-oceanside-359769/?utm_campaign … 0 items
  [671/1760] 20240229 https://www.doordash.com/store/1011-sip-tea-san-francisco-1005286 … 0 items
  [673/1760] 20240227 https://www.doordash.com/store/1014747/ … 0 items
  [674/1760] 20240303 https://www.doordash.com/store/1014749/ … 0 items
  [675/1760] 20240104 https://www.doordash.com/store/1015114/ … 0 items
  [677/1760] 20240301 https://www.doordash.com/store/1015810/ … 0 items
  [678/1760] 20240222 https://www.doordash.com/store/1016883/ … 0 items
  [679/1760] 20240304 https://www.doordash.com/store/102254/ … 0 items
  [680/1760] 20240306 https://www.doordash.com/store/1023197/?cursor=eyJzZWFyY2hfaXRlbV9jYXJ … 0 items
  [681/1760] 20240222 https://www.doordash.com/store/102360/?cursor=eyJzdG9yZV92ZXJ0aWNhbF9p … 0 items
  [683/1760] 20240302 https://www.doordash.com/store/102527/ … 0 items
  [684/1760] 20240306 https://www.doordash.com/store/102529/?cursor=eyJzZWFyY2hfaXRlbV9jYXJv … 0 items
  [685/1760] 20240228 https://www.doordash.com/store/1025772/ … 0 items
  [686/1760] 20240302 https://www.doordash.com/store/1026873/?utm_source=partner-link&utm_me … 0 items
  [687/1760] 20240225 https://www.doordash.com/store/1027573/ … 0 items
  [689/1760] 20240227 https://www.doordash.com/store/1028208/?pickup=true … 0 items
  [690/1760] 20240127 https://www.doordash.com/store/1028228/ … 0 items
  [691/1760] 20240302 https://www.doordash.com/store/1028228/?pickup=true … 0 items
  [692/1760] 20240224 https://www.doordash.com/store/1028255 … 0 items
  [693/1760] 20240224 https://www.doordash.com/store/1028255/?pickup=true … 0 items
  [695/1760] 20240227 https://www.doordash.com/store/1028266/?pickup=true … 24 items
  [696/1760] 20240303 https://www.doordash.com/store/1028273 … 0 items
  [697/1760] 20240303 https://www.doordash.com/store/1028273/?pickup=true … 0 items
  [698/1760] 20240303 https://www.doordash.com/store/1028369 … 0 items
  [699/1760] 20240222 https://www.doordash.com/store/1028369/?pickup=true … 18 items
  [700/1760] 20240301 https://www.doordash.com/store/1028393 … 24 items
  [701/1760] 20240301 https://www.doordash.com/store/1028393/?pickup=true … 0 items
  [702/1760] 20240303 https://www.doordash.com/store/1028445 … 0 items
  [703/1760] 20240303 https://www.doordash.com/store/1028445/?pickup=true … 0 items
  [704/1760] 20240301 https://www.doordash.com/store/1028456 … 24 items
  [705/1760] 20240301 https://www.doordash.com/store/1028456/?pickup=true … 24 items
  [706/1760] 20240228 https://www.doordash.com/store/1028479 … 0 items
  [707/1760] 20240223 https://www.doordash.com/store/1028479/?pickup=true … 24 items
  [708/1760] 20240302 https://www.doordash.com/store/1028648 … 24 items
  [709/1760] 20240302 https://www.doordash.com/store/1028648/?pickup=true … 0 items
  [710/1760] 20240224 https://www.doordash.com/store/1028803 … 0 items
  [711/1760] 20240301 https://www.doordash.com/store/1028803/?pickup=true … 0 items
  [712/1760] 20240229 https://www.doordash.com/store/1028885/ … 0 items
  [713/1760] 20240303 https://www.doordash.com/store/1028908 … 24 items
  [714/1760] 20240302 https://www.doordash.com/store/1028908/?pickup=true … 0 items
  [715/1760] 20240224 https://www.doordash.com/store/1028961 … 24 items
  [716/1760] 20240226 https://www.doordash.com/store/1028961/?pickup=true … 0 items
  [717/1760] 20240224 https://www.doordash.com/store/1028984 … 0 items
  [718/1760] 20240301 https://www.doordash.com/store/1028984/?pickup=true … 0 items
  [719/1760] 20240302 https://www.doordash.com/store/1029009 … 24 items
  [720/1760] 20240302 https://www.doordash.com/store/1029009/?pickup=true … 0 items
  [721/1760] 20240227 https://www.doordash.com/store/1029089 … 0 items
  [722/1760] 20240227 https://www.doordash.com/store/1029089/?pickup=true … 0 items
  [723/1760] 20240303 https://www.doordash.com/store/1029467 … 24 items
  [724/1760] 20240303 https://www.doordash.com/store/1029467/?pickup=true … 0 items
  [725/1760] 20240308 https://www.doordash.com/store/1029944/ … 0 items
  [726/1760] 20240304 https://www.doordash.com/store/103096/ … 84 items
  [727/1760] 20240223 https://www.doordash.com/store/1031306/ … 82 items
  [728/1760] 20240303 https://www.doordash.com/store/1031311/ … 0 items
  [729/1760] 20240227 https://www.doordash.com/store/1031318/ … 0 items
  [730/1760] 20240229 https://www.doordash.com/store/1031370/ … 81 items
  [731/1760] 20240228 https://www.doordash.com/store/1031560/?utm_source=partner-link&utm_me … 0 items
  [732/1760] 20240227 https://www.doordash.com/store/1031695/ … 0 items
  [733/1760] 20240302 https://www.doordash.com/store/1033039/?utm_source=partner-link&utm_me … 41 items
  [734/1760] 20240302 https://www.doordash.com/store/1033050/?utm_source=partner-link&utm_me … 0 items
  [735/1760] 20240308 https://www.doordash.com/store/1033563/?pickup=false … 78 items
  [736/1760] 20240225 https://www.doordash.com/store/103397/ … 84 items
  [737/1760] 20240306 https://www.doordash.com/store/1034958/ … 84 items
  [738/1760] 20240226 https://www.doordash.com/store/1036328/ … 0 items
  [739/1760] 20240126 https://www.doordash.com/store/10365/ … 67 items
  [740/1760] 20240303 https://www.doordash.com/store/1036501/ … 89 items
  [741/1760] 20240223 https://www.doordash.com/store/1039483 … 0 items
  [742/1760] 20240302 https://www.doordash.com/store/10411/ … 0 items
  [743/1760] 20240223 https://www.doordash.com/store/104126 … 0 items
  [744/1760] 20240301 https://www.doordash.com/store/10413/ … 0 items
  [745/1760] 20240227 https://www.doordash.com/store/1041880/ … 48 items
  [746/1760] 20240223 https://www.doordash.com/store/1042493/ … 41 items
  [747/1760] 20240305 https://www.doordash.com/store/104250/?utm_source=partner-link&utm_med … 83 items
  [748/1760] 20240223 https://www.doordash.com/store/1042840?utm_source=partner-link&utm_med … 78 items
  [749/1760] 20240306 https://www.doordash.com/store/1044026/?cursor=eyJzZWFyY2hfaXRlbV9jYXJ … 68 items
  [750/1760] 20240226 https://www.doordash.com/store/1045844/ … 0 items
  [751/1760] 20240223 https://www.doordash.com/store/1046831 … 0 items
  [752/1760] 20240223 https://www.doordash.com/store/1046831/?pickup=true … 0 items
  [753/1760] 20240224 https://www.doordash.com/store/1046842/ … 0 items
  [754/1760] 20240221 https://www.doordash.com/store/1046925/ … 84 items
  [755/1760] 20240228 https://www.doordash.com/store/1048124/ … 0 items
  [756/1760] 20240305 https://www.doordash.com/store/1048831?utm_source=partner-link&utm_med … 0 items
  [757/1760] 20240228 https://www.doordash.com/store/1049675/ … 84 items
  [758/1760] 20240302 https://www.doordash.com/store/1049832/?utm_source=partner-link&utm_me … 20 items
  [759/1760] 20240222 https://www.doordash.com/store/105-ten-bar-grill-briarcliff-manor-1176 … 61 items
  [760/1760] 20240213 https://www.doordash.com/store/1050904/ … 0 items
  [761/1760] 20240223 https://www.doordash.com/store/1051052/ … 0 items
  [762/1760] 20240224 https://www.doordash.com/store/1051341/ … 0 items
  [763/1760] 20240224 https://www.doordash.com/store/1051939/ … 78 items
  [764/1760] 20240226 https://www.doordash.com/store/1052448/ … 0 items
  [765/1760] 20240301 https://www.doordash.com/store/105275/?utm_source=partner-link&utm_med … 0 items
  [766/1760] 20240306 https://www.doordash.com/store/1052947/ … 62 items
  [767/1760] 20240227 https://www.doordash.com/store/1054673/ … 0 items
  [768/1760] 20240226 https://www.doordash.com/store/1054898/ … 0 items
  [769/1760] 20240127 https://www.doordash.com/store/1056219/ … 81 items
  [770/1760] 20240225 https://www.doordash.com/store/1056260/ … 0 items
  [771/1760] 20240328 https://www.doordash.com/store/1057305/?cursor=eyJzdG9yZV9wcmltYXJ5X3Z … 0 items
  [772/1760] 20240321 https://www.doordash.com/store/1057305/?event_type=autocomplete&pickup … 0 items
  [773/1760] 20240302 https://www.doordash.com/store/105756/ … 79 items
  [774/1760] 20240223 https://www.doordash.com/store/1058042/ … 85 items
  [775/1760] 20240227 https://www.doordash.com/store/1058061/ … 0 items
  [776/1760] 20240225 https://www.doordash.com/store/1059004/ … 0 items
  [777/1760] 20240226 https://www.doordash.com/store/1059096/ … 70 items
  [778/1760] 20240306 https://www.doordash.com/store/1059357/?cursor=eyJzZWFyY2hfaXRlbV9jYXJ … 0 items
  [779/1760] 20240304 https://www.doordash.com/store/1059413/ … 81 items
  [780/1760] 20240225 https://www.doordash.com/store/1059757/ … 0 items
  [781/1760] 20240226 https://www.doordash.com/store/1060633/?cursor=eyJzdG9yZV9wcmltYXJ5X3Z … 78 items
  [782/1760] 20240224 https://www.doordash.com/store/1062588/ … 74 items
  [783/1760] 20240229 https://www.doordash.com/store/1062824?utm_source=partner-link&utm_med … 78 items
  [784/1760] 20240304 https://www.doordash.com/store/1062849/ … 79 items
  [785/1760] 20240225 https://www.doordash.com/store/1063504/ … 34 items
  [786/1760] 20240229 https://www.doordash.com/store/1064122/ … 79 items
  [787/1760] 20240302 https://www.doordash.com/store/1064729/ … 0 items
  [788/1760] 20240303 https://www.doordash.com/store/1064762/ … 79 items
  [789/1760] 20240305 https://www.doordash.com/store/1067412?utm_source=partner-link&utm_med … 0 items
  [790/1760] 20240229 https://www.doordash.com/store/1067647/?utm_source=Enterprise_Partners … 0 items
  [791/1760] 20240302 https://www.doordash.com/store/1067680/?utm_source=Enterprise_Partners … 0 items
  [792/1760] 20240223 https://www.doordash.com/store/1067681/?utm_source=Enterprise_Partners … 0 items
  [793/1760] 20240301 https://www.doordash.com/store/1067720/?utm_source=Enterprise_Partners … 0 items
  [794/1760] 20240302 https://www.doordash.com/store/1067764/?utm_source=Enterprise_Partners … 0 items
  [795/1760] 20240302 https://www.doordash.com/store/1067770/?utm_source=Enterprise_Partners … 64 items
  [796/1760] 20240223 https://www.doordash.com/store/1067782/?utm_source=Enterprise_Partners … 0 items
  [797/1760] 20240302 https://www.doordash.com/store/1067784/?utm_source=Enterprise_Partners … 0 items
  [798/1760] 20240223 https://www.doordash.com/store/1067793/?utm_source=Enterprise_Partners … 63 items
  [799/1760] 20240302 https://www.doordash.com/store/1067852/?utm_source=Enterprise_Partners … 0 items
  [800/1760] 20240224 https://www.doordash.com/store/1067855/?utm_source=Enterprise_Partners … 0 items
  [801/1760] 20240520 https://www.doordash.com/store/%22k-bap-fast-fusion%22.-sierra-vista-2 … 0 items
  [802/1760] 20240423 https://www.doordash.com/store/%246-curries%21%21-east-melbourne-72007 … 0 items
  [803/1760] 20240528 https://www.doordash.com/store/%C2%A1taqueando!-street-kitchen-oakland … 0 items
  [804/1760] 20240618 https://www.doordash.com/store/&-cheese-atl-atlanta-1598245/?pickup=tr … 0 items
  [805/1760] 20240515 https://www.doordash.com/store/-1-chinese-restaurant-baltimore-1663437 … 0 items
  [806/1760] 20240517 https://www.doordash.com/store/1000-degrees-pizza-salad-wings-spring-h … 0 items
  [807/1760] 20240517 https://www.doordash.com/store/100236/ … 0 items
  [808/1760] 20240418 https://www.doordash.com/store/100414/ … 0 items
  [809/1760] 20240425 https://www.doordash.com/store/10050/ … 0 items
  [810/1760] 20240620 https://www.doordash.com/store/1005267/?cursor=eyJzZWFyY2hfaXRlbV9jYXJ … 0 items
  [811/1760] 20240617 https://www.doordash.com/store/1005376/ … 0 items
  [812/1760] 20240525 https://www.doordash.com/store/1007257/?cursor=eyJzZWFyY2hfaXRlbV9jYXJ … 0 items
  [813/1760] 20240420 https://www.doordash.com/store/1007280/?utm_source=partner-link&utm_me … 0 items
  [814/1760] 20240420 https://www.doordash.com/store/1007282/?utm_source=partner-link&utm_me … 0 items
  [815/1760] 20240613 https://www.doordash.com/store/1007303/?utm_source=partner-link&utm_me … 0 items
  [816/1760] 20240420 https://www.doordash.com/store/1007312/?utm_source=partner-link&utm_me … 0 items
  [817/1760] 20240420 https://www.doordash.com/store/1007332/?utm_source=partner-link&utm_me … 0 items
  [818/1760] 20240420 https://www.doordash.com/store/1007343/?utm_source=partner-link&utm_me … 0 items
  [819/1760] 20240420 https://www.doordash.com/store/1007361/?utm_source=partner-link&utm_me … 0 items
  [820/1760] 20240614 https://www.doordash.com/store/1007404/ … 0 items
  [821/1760] 20240415 https://www.doordash.com/store/1007479/ … 0 items
  [822/1760] 20240422 https://www.doordash.com/store/1007538/ … 0 items
  [823/1760] 20240414 https://www.doordash.com/store/1007852/ … 0 items
  [824/1760] 20240425 https://www.doordash.com/store/100847/ … 0 items
  [825/1760] 20240418 https://www.doordash.com/store/100888/ … 0 items
  [826/1760] 20240422 https://www.doordash.com/store/1009339/ … 0 items
  [827/1760] 20240407 https://www.doordash.com/store/101-steak-atlanta-910033/ … 0 items
  [828/1760] 20240407 https://www.doordash.com/store/101027/ … 0 items
  [829/1760] 20240407 https://www.doordash.com/store/101041/?cursor=eyJzZWFyY2hfaXRlbV9jYXJv … 0 items
  [830/1760] 20240516 https://www.doordash.com/store/101041/?cursor=eyJzZWFyY2hfaXRlbV9jYXJv … 0 items
  [831/1760] 20240407 https://www.doordash.com/store/101041/?cursor=eyJzZWFyY2hfaXRlbV9jYXJv … 0 items
  [832/1760] 20240407 https://www.doordash.com/store/101041/?cursor=eyJzZWFyY2hfaXRlbV9jYXJv … 0 items
  [833/1760] 20240407 https://www.doordash.com/store/101041/?cursor=eyJzZWFyY2hfaXRlbV9jYXJv … 0 items
  [834/1760] 20240415 https://www.doordash.com/store/1011-sip-tea-san-francisco-1005286/ … 0 items
  [835/1760] 20240407 https://www.doordash.com/store/1011005/ … 0 items
  [836/1760] 20240407 https://www.doordash.com/store/1011860/?cursor=eyJzZWFyY2hfaXRlbV9jYXJ … 0 items
  [837/1760] 20240529 https://www.doordash.com/store/101248/ … 0 items
  [838/1760] 20240422 https://www.doordash.com/store/101248/?utm_source=partner-link&utm_med … 0 items
  [839/1760] 20240409 https://www.doordash.com/store/1012491/?event_type=autocomplete&pickup … 0 items
  [840/1760] 20240616 https://www.doordash.com/store/1012990/ … 0 items
  [841/1760] 20240615 https://www.doordash.com/store/1015385/ … 0 items
  [842/1760] 20240420 https://www.doordash.com/store/1015810?utm_source=partner-link&utm_med … 0 items
  [843/1760] 20240624 https://www.doordash.com/store/1015832?utm_campaign=mlb … 0 items
  [844/1760] 20240417 https://www.doordash.com/store/1016051/ … 0 items
  [845/1760] 20240414 https://www.doordash.com/store/10175/ … 0 items
  [846/1760] 20240623 https://www.doordash.com/store/101946/ … 0 items
  [847/1760] 20240422 https://www.doordash.com/store/10196/ … 0 items
  [848/1760] 20240420 https://www.doordash.com/store/1022451/ … 0 items
  [849/1760] 20240412 https://www.doordash.com/store/1023413/?cursor=eyJzdG9yZV9wcmltYXJ5X3Z … 0 items
  [850/1760] 20240529 https://www.doordash.com/store/102360/ … 0 items
  [851/1760] 20240522 https://www.doordash.com/store/102463/?utm_source=partner-link&utm_med … 0 items
  [852/1760] 20240423 https://www.doordash.com/store/10247/ … 0 items
  [853/1760] 20240524 https://www.doordash.com/store/102471/?cursor=eyJzdG9yZV9wcmltYXJ5X3Zl … 0 items
  [854/1760] 20240407 https://www.doordash.com/store/102529/?cursor=eyJzZWFyY2hfaXRlbV9jYXJv … 0 items
  [855/1760] 20240421 https://www.doordash.com/store/102548/ … 0 items
  [856/1760] 20240421 https://www.doordash.com/store/1026835/?utm_source=partner-link&utm_me … 0 items
  [857/1760] 20240623 https://www.doordash.com/store/1026850/?utm_source=partner-link&utm_me … 0 items
  [858/1760] 20240613 https://www.doordash.com/store/1026901/?utm_source=partner-link&utm_me … 0 items
  [859/1760] 20240420 https://www.doordash.com/store/1026909/?utm_source=partner-link&utm_me … 0 items
  [860/1760] 20240407 https://www.doordash.com/store/1027013/?cursor=eyJzZWFyY2hfaXRlbV9jYXJ … 0 items
  [861/1760] 20240617 https://www.doordash.com/store/1027081/?utm_source=partner-link&utm_me … 0 items
  [862/1760] 20240420 https://www.doordash.com/store/1027227/?utm_source=partner-link&utm_me … 0 items
  [863/1760] 20240420 https://www.doordash.com/store/1027303/?utm_source=partner-link&utm_me … 0 items
  [864/1760] 20240420 https://www.doordash.com/store/1027321/?utm_source=partner-link&utm_me … 0 items
  [865/1760] 20240615 https://www.doordash.com/store/1027693/?cursor=eyJzZWFyY2hfaXRlbV9jYXJ … 0 items
  [866/1760] 20240420 https://www.doordash.com/store/1028622/?utm_source=partner-link&utm_me … 0 items
  [867/1760] 20240522 https://www.doordash.com/store/1028795/?cursor=eyJzZWFyY2hfaXRlbV9jYXJ … 0 items
  [868/1760] 20240424 https://www.doordash.com/store/1028961/ … 0 items
  [869/1760] 20240413 https://www.doordash.com/store/1028962/ … 0 items
  [870/1760] 20240625 https://www.doordash.com/store/102908/ … 0 items
  [871/1760] 20240420 https://www.doordash.com/store/1029084/?utm_source=partner-link&utm_me … 0 items
  [872/1760] 20240613 https://www.doordash.com/store/1029133/?utm_source=partner-link&utm_me … 0 items
  [873/1760] 20240420 https://www.doordash.com/store/1029180/?utm_source=partner-link&utm_me … 0 items
  [874/1760] 20240623 https://www.doordash.com/store/1029200/?utm_source=partner-link&utm_me … 0 items
  [875/1760] 20240613 https://www.doordash.com/store/1029231/?utm_source=partner-link&utm_me … 0 items
  [876/1760] 20240424 https://www.doordash.com/store/1029412/?utm_source=partner-link&utm_me … 0 items
  [877/1760] 20240424 https://www.doordash.com/store/1030111/ … 0 items
  [878/1760] 20240417 https://www.doordash.com/store/103049 … 0 items
  [879/1760] 20240420 https://www.doordash.com/store/1030622/ … 0 items
  [880/1760] 20240424 https://www.doordash.com/store/1030657/ … 0 items
  [881/1760] 20240407 https://www.doordash.com/store/1030758/ … 0 items
  [882/1760] 20240417 https://www.doordash.com/store/1030864 … 0 items
  [883/1760] 20240520 https://www.doordash.com/store/1030885/ … 0 items
  [884/1760] 20240420 https://www.doordash.com/store/1030978/ … 0 items
  [885/1760] 20240528 https://www.doordash.com/store/103113/ … 0 items
  [886/1760] 20240407 https://www.doordash.com/store/1031358/ … 0 items
  [887/1760] 20240623 https://www.doordash.com/store/1032884/?utm_source=partner-link&utm_me … 0 items
  [888/1760] 20240521 https://www.doordash.com/store/1033220/?cursor=eyJzZWFyY2hfaXRlbV9jYXJ … 0 items
  [889/1760] 20240623 https://www.doordash.com/store/1033255/?utm_source=partner-link&utm_me … 0 items
  [890/1760] 20240420 https://www.doordash.com/store/1033285/?utm_source=partner-link&utm_me … 0 items
  [891/1760] 20240420 https://www.doordash.com/store/1033294/?utm_source=partner-link&utm_me … 0 items
  [892/1760] 20240519 https://www.doordash.com/store/1033695/ … 0 items
  [893/1760] 20240409 https://www.doordash.com/store/1034111/?cursor=eyJzdG9yZV9wcmltYXJ5X3Z … 0 items
  [894/1760] 20240418 https://www.doordash.com/store/1035231/ … 0 items
  [895/1760] 20240407 https://www.doordash.com/store/1035552/ … 0 items
  [896/1760] 20240407 https://www.doordash.com/store/1035560/ … 0 items
  [897/1760] 20240613 https://www.doordash.com/store/1036187/?cursor=eyJzZWFyY2hfaXRlbV9jYXJ … 0 items
  [898/1760] 20240623 https://www.doordash.com/store/1036461/ … 0 items
  [899/1760] 20240420 https://www.doordash.com/store/103866 … 0 items
  [900/1760] 20240407 https://www.doordash.com/store/1038753/ … 0 items
  [901/1760] 20240426 https://www.doordash.com/store/1039813/?cursor=eyJzdG9yZV9wcmltYXJ5X3Z … 0 items
  [902/1760] 20240516 https://www.doordash.com/store/1042780/?cursor=eyJzZWFyY2hfaXRlbV9jYXJ … 0 items
  [903/1760] 20240518 https://www.doordash.com/store/1043104/?event_type=autocomplete&pickup … 0 items
  [904/1760] 20240528 https://www.doordash.com/store/1043915 … 0 items
  [905/1760] 20240530 https://www.doordash.com/store/1044116/?cursor=eyJzdG9yZV9wcmltYXJ5X3Z … 0 items
  [906/1760] 20240624 https://www.doordash.com/store/1044375/?cursor=eyJzZWFyY2hfaXRlbV9jYXJ … 0 items
  [907/1760] 20240422 https://www.doordash.com/store/1044958/ … 0 items
  [908/1760] 20240407 https://www.doordash.com/store/1045862/?cursor=eyJzZWFyY2hfaXRlbV9jYXJ … 0 items
  [909/1760] 20240423 https://www.doordash.com/store/1046659/ … 0 items
  [910/1760] 20240516 https://www.doordash.com/store/1047771/?cursor=eyJzZWFyY2hfaXRlbV9jYXJ … 0 items
  [911/1760] 20240414 https://www.doordash.com/store/104845/ … 0 items
  [912/1760] 20240622 https://www.doordash.com/store/1049959/ … 0 items
  [913/1760] 20240421 https://www.doordash.com/store/105-twenty-briarcliff-manor-117661/ … 0 items
  [914/1760] 20240417 https://www.doordash.com/store/105-twenty-croton-on-hudson-1102729/ … 0 items
  [915/1760] 20240422 https://www.doordash.com/store/1050452/ … 0 items
  [916/1760] 20240619 https://www.doordash.com/store/1051045/?utm_source=Enterprise_Partners … 0 items
  [917/1760] 20240417 https://www.doordash.com/store/1051081/?utm_source=Enterprise_Partners … 0 items
  [918/1760] 20240515 https://www.doordash.com/store/1051309/ … 0 items
  [919/1760] 20240414 https://www.doordash.com/store/105192/ … 0 items
  [920/1760] 20240419 https://www.doordash.com/store/1051937/ … 0 items
  [921/1760] 20240424 https://www.doordash.com/store/105287/ … 0 items
  [922/1760] 20240625 https://www.doordash.com/store/105316/ … 0 items
  [923/1760] 20240613 https://www.doordash.com/store/1053324/ … 0 items
  [924/1760] 20240407 https://www.doordash.com/store/1054662/?cursor=eyJzZWFyY2hfaXRlbV9jYXJ … 0 items
  [925/1760] 20240418 https://www.doordash.com/store/1055096/ … 0 items
  [926/1760] 20240618 https://www.doordash.com/store/1055613/ … 0 items
  [927/1760] 20240519 https://www.doordash.com/store/1056631/ … 0 items
  [928/1760] 20240415 https://www.doordash.com/store/1058016/ … 0 items
  [929/1760] 20240420 https://www.doordash.com/store/1058873/ … 0 items
  [930/1760] 20240414 https://www.doordash.com/store/1059045/ … 0 items
  [931/1760] 20240424 https://www.doordash.com/store/1059088/ … 0 items
  [932/1760] 20240614 https://www.doordash.com/store/105913/ … 0 items
  [933/1760] 20240417 https://www.doordash.com/store/1059295/?utm_source=Enterprise_Partners … 0 items
  [934/1760] 20240619 https://www.doordash.com/store/1059302/?utm_source=Enterprise_Partners … 0 items
  [935/1760] 20240418 https://www.doordash.com/store/1060633/?cursor=eyJzdG9yZV9wcmltYXJ5X3Z … 0 items
  [936/1760] 20240420 https://www.doordash.com/store/106086 … 0 items
  [937/1760] 20240602 https://www.doordash.com/store/1061792/?cursor=eyJzdG9yZV9wcmltYXJ5X3Z … 0 items
  [938/1760] 20240423 https://www.doordash.com/store/106288/?utm_source=partner-link&utm_med … 0 items
  [939/1760] 20240511 https://www.doordash.com/store/1063839/?cursor=eyJzdG9yZV9wcmltYXJ5X3Z … 0 items
  [940/1760] 20240624 https://www.doordash.com/store/1064390/ … 0 items
  [941/1760] 20240525 https://www.doordash.com/store/1066019/ … 0 items
  [942/1760] 20240520 https://www.doordash.com/store/1066136/ … 0 items
  [943/1760] 20240407 https://www.doordash.com/store/1066452/?cursor=eyJzZWFyY2hfaXRlbV9jYXJ … 0 items
  [944/1760] 20240422 https://www.doordash.com/store/1067218/ … 0 items
  [945/1760] 20240407 https://www.doordash.com/store/1067569/?cursor=eyJzZWFyY2hfaXRlbV9jYXJ … 0 items
  [946/1760] 20240525 https://www.doordash.com/store/1067570/ … 0 items
  [947/1760] 20240527 https://www.doordash.com/store/1067654/?utm_source=Enterprise_Partners … 0 items
  [948/1760] 20240424 https://www.doordash.com/store/1067656/ … 0 items
  [949/1760] 20240527 https://www.doordash.com/store/1067665/?utm_source=Enterprise_Partners … 0 items
  [950/1760] 20240521 https://www.doordash.com/store/1067668/?utm_source=Enterprise_Partners … 0 items
  [951/1760] 20240417 https://www.doordash.com/store/1067687/?utm_source=Enterprise_Partners … 0 items
  [952/1760] 20240527 https://www.doordash.com/store/1067706/?utm_source=Enterprise_Partners … 0 items
  [953/1760] 20240527 https://www.doordash.com/store/1067734/?utm_source=Enterprise_Partners … 0 items
  [954/1760] 20240417 https://www.doordash.com/store/1067755/?utm_source=Enterprise_Partners … 0 items
  [955/1760] 20240528 https://www.doordash.com/store/1067772/?utm_source=Enterprise_Partners … 0 items
  [956/1760] 20240521 https://www.doordash.com/store/1067806/?utm_source=Enterprise_Partners … 0 items
  [957/1760] 20240527 https://www.doordash.com/store/1067878/?utm_source=Enterprise_Partners … 0 items
  [958/1760] 20240417 https://www.doordash.com/store/1067912/?utm_source=Enterprise_Partners … 0 items
  [959/1760] 20240417 https://www.doordash.com/store/1067971/?utm_source=Enterprise_Partners … 0 items
  [960/1760] 20240413 https://www.doordash.com/store/1068013/ … 0 items
  [961/1760] 20250126 https://www.doordash.com/store/%C4%93st-restaurant-toronto-26147599/?p … 0 items
  [962/1760] 20250327 https://www.doordash.com/store/%E2%80%9Cyour%E2%80%9D-pizza-shop-19584 … 0 items
  [965/1760] 20250115 https://www.doordash.com/store/0 … 0 items
  [966/1760] 20250323 https://www.doordash.com/store/100108/ … 0 items
  [967/1760] 20250122 https://www.doordash.com/store/1001507/ … 0 items
  [968/1760] 20250208 https://www.doordash.com/store/1002754/ … 0 items
  [970/1760] 20250327 https://www.doordash.com/store/1003190/ … 0 items
  [973/1760] 20250216 https://www.doordash.com/store/1008976/ … 0 items
  [974/1760] 20250325 https://www.doordash.com/store/1009199/ … 0 items
  [975/1760] 20250119 https://www.doordash.com/store/1009270/ … 0 items
  [976/1760] 20250324 https://www.doordash.com/store/1009315/ … 0 items
  [978/1760] 20250121 https://www.doordash.com/store/1010612/ … 0 items
  [979/1760] 20250315 https://www.doordash.com/store/101083/ … 0 items
  [980/1760] 20250126 https://www.doordash.com/store/1011064 … 0 items
  [982/1760] 20250121 https://www.doordash.com/store/1012112/ … 0 items
  [984/1760] 20250115 https://www.doordash.com/store/1013948/ … 0 items
  [985/1760] 20250327 https://www.doordash.com/store/1014011/ … 0 items
  [986/1760] 20250124 https://www.doordash.com/store/101456/ … 0 items
  [987/1760] 20250113 https://www.doordash.com/store/1014779/ … 0 items
  [988/1760] 20250116 https://www.doordash.com/store/1015384/ … 0 items
  [989/1760] 20250122 https://www.doordash.com/store/1015494/ … 0 items
  [991/1760] 20250317 https://www.doordash.com/store/1016155/ … 0 items
  [993/1760] 20250211 https://www.doordash.com/store/1018483/ … 0 items
  [995/1760] 20250327 https://www.doordash.com/store/1021127/ … 0 items
  [996/1760] 20250214 https://www.doordash.com/store/102191/?utm_source=partner-link&utm_med … 0 items
  [997/1760] 20250117 https://www.doordash.com/store/1022442/ … 0 items
  [998/1760] 20250119 https://www.doordash.com/store/1022543/ … 0 items
  [999/1760] 20250316 https://www.doordash.com/store/1025795/ … 0 items
  [1001/1760] 20250115 https://www.doordash.com/store/1026505/ … 0 items
  [1002/1760] 20250320 https://www.doordash.com/store/1026510/ … 0 items
  [1003/1760] 20250319 https://www.doordash.com/store/1026518/ … 0 items
  [1005/1760] 20250116 https://www.doordash.com/store/1026589/ … 0 items
  [1006/1760] 20250213 https://www.doordash.com/store/1027236/?utm_source=partner-link&utm_me … 