DoorDash US 2023+ full sweep (junk-filtered) — per_period=160, max=2560, 2023-01-01 onward
  Found 1280 real candidate snapshots, 59 junk (CDN-asset) URLs filtered out (4.4% of 1339 seen)
  [5/1280] 20230205 https://www.doordash.com/store/007-chinese-food-buffalo-295311 … 0 items
  [6/1280] 20230324 https://www.doordash.com/store/007-chinese-food-hamburg-295311/ … 0 items
  [8/1280] 20230308 https://www.doordash.com/store/100-montaditos-miami-lakes-322480/ … 0 items
  [11/1280] 20230206 https://www.doordash.com/store/1000399/ … 0 items
  [12/1280] 20230202 https://www.doordash.com/store/1000914/ … 0 items
  [13/1280] 20230224 https://www.doordash.com/store/10010/ … 0 items
  [14/1280] 20230220 https://www.doordash.com/store/1001284/ … 0 items
  [17/1280] 20230224 https://www.doordash.com/store/1002190/?utm_source=partner-link&utm_me … 0 items
  [18/1280] 20230224 https://www.doordash.com/store/1002190/?utm_campaign=1002190\u0026utm_ … 0 items
  [19/1280] 20230309 https://www.doordash.com/store/1003899/ … 0 items
  [20/1280] 20230331 https://www.doordash.com/store/1005287/ … 0 items
  [21/1280] 20230228 https://www.doordash.com/store/1005371/ … 0 items
  [23/1280] 20230207 https://www.doordash.com/store/1005814/ … 0 items
  [26/1280] 20230131 https://www.doordash.com/store/1006725/ … 0 items
  [29/1280] 20230330 https://www.doordash.com/store/1007271/?utm_source=partner-link&utm_me … 0 items
  [31/1280] 20230326 https://www.doordash.com/store/1007379/ … 0 items
  [32/1280] 20230207 https://www.doordash.com/store/1007381/ … 0 items
  [34/1280] 20230208 https://www.doordash.com/store/1007396/ … 0 items
  [39/1280] 20230318 https://www.doordash.com/store/1007421/ … 0 items
  [40/1280] 20230206 https://www.doordash.com/store/1007428/ … 0 items
  [44/1280] 20230320 https://www.doordash.com/store/1007443/ … 0 items
  [46/1280] 20230130 https://www.doordash.com/store/1007449/ … 0 items
  [48/1280] 20230323 https://www.doordash.com/store/1007456/ … 0 items
  [51/1280] 20230227 https://www.doordash.com/store/1007461/ … 0 items
  [55/1280] 20230127 https://www.doordash.com/store/1007475/ … 0 items
  [59/1280] 20230216 https://www.doordash.com/store/1008356/ … 0 items
  [61/1280] 20230206 https://www.doordash.com/store/1008567/ … 0 items
  [63/1280] 20230209 https://www.doordash.com/store/1009443/ … 0 items
  [64/1280] 20230203 https://www.doordash.com/store/100964/?utm_source=partner-link&utm_med … 0 items
  [67/1280] 20230220 https://www.doordash.com/store/1010694/ … 0 items
  [70/1280] 20230317 https://www.doordash.com/store/1012102/ … 0 items
  [71/1280] 20230208 https://www.doordash.com/store/1012144/ … 0 items
  [75/1280] 20230317 https://www.doordash.com/store/1013/ … 0 items
  [77/1280] 20230125 https://www.doordash.com/store/101320/ … 0 items
  [78/1280] 20230125 https://www.doordash.com/store/101325/ … 0 items
  [82/1280] 20230130 https://www.doordash.com/store/1015172/ … 0 items
  [84/1280] 20230117 https://www.doordash.com/store/101559/ … 0 items
  [85/1280] 20230303 https://www.doordash.com/store/1015622/ … 0 items
  [87/1280] 20230326 https://www.doordash.com/store/1016863/ … 0 items
  [88/1280] 20230318 https://www.doordash.com/store/101720/ … 0 items
  [91/1280] 20230324 https://www.doordash.com/store/1018584/ … 0 items
  [92/1280] 20230307 https://www.doordash.com/store/1018636/ … 0 items
  [99/1280] 20230119 https://www.doordash.com/store/10264/ … 0 items
  [102/1280] 20230201 https://www.doordash.com/store/1027022/ … 0 items
  [103/1280] 20230223 https://www.doordash.com/store/102703/ … 0 items
  [106/1280] 20230225 https://www.doordash.com/store/1027665/ … 0 items
  [108/1280] 20230318 https://www.doordash.com/store/102925/ … 0 items
  [111/1280] 20230318 https://www.doordash.com/store/103009/ … 0 items
  [112/1280] 20230331 https://www.doordash.com/store/1030575/ … 0 items
  [113/1280] 20230205 https://www.doordash.com/store/1031542?utm_source=partner-link&utm_med … 0 items
  [115/1280] 20230208 https://www.doordash.com/store/1032469/ … 0 items
  [116/1280] 20230205 https://www.doordash.com/store/1032962?utm_source=partner-link&utm_med … 0 items
  [117/1280] 20230329 https://www.doordash.com/store/103311/ … 0 items
  [118/1280] 20230325 https://www.doordash.com/store/1033532/ … 0 items
  [119/1280] 20230318 https://www.doordash.com/store/103378/ … 0 items
  [120/1280] 20230306 https://www.doordash.com/store/10345/ … 0 items
  [121/1280] 20230131 https://www.doordash.com/store/1034647/?utm_source=partner-link&utm_me … 0 items
  [127/1280] 20230218 https://www.doordash.com/store/1036097/ … 0 items
  [128/1280] 20230208 https://www.doordash.com/store/1036374/ … 0 items
  [130/1280] 20230204 https://www.doordash.com/store/103668/ … 0 items
  [131/1280] 20230120 https://www.doordash.com/store/1037460/ … 0 items
  [136/1280] 20230117 https://www.doordash.com/store/1040347/ … 0 items
  [137/1280] 20230223 https://www.doordash.com/store/104036/ … 0 items
  [138/1280] 20230326 https://www.doordash.com/store/1040434 … 0 items
  [145/1280] 20230128 https://www.doordash.com/store/104305/ … 0 items
  [146/1280] 20230209 https://www.doordash.com/store/1043113?utm_source=Arbys&utm_medium=Web … 0 items
  [148/1280] 20230316 https://www.doordash.com/store/1043380/ … 0 items
  [149/1280] 20230218 https://www.doordash.com/store/1043494/ … 0 items
  [151/1280] 20230325 https://www.doordash.com/store/1044728/ … 0 items
  [154/1280] 20230318 https://www.doordash.com/store/1045951/ … 0 items
  [155/1280] 20230114 https://www.doordash.com/store/104704/ … 0 items
  [162/1280] 20230529 https://www.doordash.com/store/%231-chinese-restaurant-baltimore-16634 … 0 items
  [167/1280] 20230402 https://www.doordash.com/store/1007399/ … 0 items
  [183/1280] 20230609 https://www.doordash.com/store/1019446/?utm_source=partner-link&utm_me … 0 items
  [200/1280] 20230402 https://www.doordash.com/store/1042801?utm_source=Arbys&utm_medium=Web … 0 items
  [202/1280] 20230402 https://www.doordash.com/store/1046863?utm_source=Arbys&utm_medium=Web … 0 items
  [204/1280] 20230603 https://www.doordash.com/store/1049175/?utm_source=partnerlink&utm_med … 0 items
  [207/1280] 20230401 https://www.doordash.com/store/1051599/ … 0 items
  [210/1280] 20230402 https://www.doordash.com/store/105395/ … 0 items
  [265/1280] 20230401 https://www.doordash.com/store/1093886/?utm_source=partner-link&utm_me … 0 items
  [269/1280] 20230402 https://www.doordash.com/store/110112?utm_source=Arbys&utm_medium=Webl … 0 items
  [303/1280] 20230407 https://www.doordash.com/store/1141149/ … 0 items
  [315/1280] 20230402 https://www.doordash.com/store/1144891/ … 0 items
  [321/1280] 20240311 https://www.doordash.com/store-next/ace-king-bbq-newark-858191 … 0 items
  [322/1280] 20240304 https://www.doordash.com/store/$9-meal-boxes-by-local-chefs-mountain-v … 0 items
  [323/1280] 20240222 https://www.doordash.com/store/%C3%94-chef--boulangerie-p%C3%A2tisseri … 0 items
  [325/1280] 20240229 https://www.doordash.com/store/%E3%82%B9%E3%83%91%E3%82%A4%E3%82%B7%E3 … 0 items
  [327/1280] 20240221 https://www.doordash.com/store/-ono-pok-bar-toronto-113689 … 0 items
  [330/1280] 20240330 https://www.doordash.com/store/100248/?cursor=eyJzdG9yZV9wcmltYXJ5X3Zl … 0 items
  [335/1280] 20240305 https://www.doordash.com/store/1007390/ … 0 items
  [338/1280] 20240302 https://www.doordash.com/store/1007420/ … 0 items
  [339/1280] 20240228 https://www.doordash.com/store/1007482/ … 0 items
  [341/1280] 20240225 https://www.doordash.com/store/1008237/ … 0 items
  [343/1280] 20240303 https://www.doordash.com/store/100856/ … 0 items
  [345/1280] 20240229 https://www.doordash.com/store/1009055/ … 0 items
  [347/1280] 20240306 https://www.doordash.com/store/1009879/?cursor=eyJzZWFyY2hfaXRlbV9jYXJ … 0 items
  [348/1280] 20240304 https://www.doordash.com/store/101-cafe-oceanside-359769/?utm_campaign … 0 items
  [352/1280] 20240229 https://www.doordash.com/store/1011-sip-tea-san-francisco-1005286 … 0 items
  [354/1280] 20240227 https://www.doordash.com/store/1014747/ … 0 items
  [355/1280] 20240303 https://www.doordash.com/store/1014749/ … 0 items
  [356/1280] 20240104 https://www.doordash.com/store/1015114/ … 0 items
  [358/1280] 20240301 https://www.doordash.com/store/1015810/ … 0 items
  [359/1280] 20240222 https://www.doordash.com/store/1016883/ … 0 items
  [360/1280] 20240304 https://www.doordash.com/store/102254/ … 0 items
  [361/1280] 20240306 https://www.doordash.com/store/1023197/?cursor=eyJzZWFyY2hfaXRlbV9jYXJ … 0 items
  [362/1280] 20240222 https://www.doordash.com/store/102360/?cursor=eyJzdG9yZV92ZXJ0aWNhbF9p … 0 items
  [364/1280] 20240302 https://www.doordash.com/store/102527/ … 0 items
  [365/1280] 20240306 https://www.doordash.com/store/102529/?cursor=eyJzZWFyY2hfaXRlbV9jYXJv … 0 items
  [366/1280] 20240228 https://www.doordash.com/store/1025772/ … 0 items
  [367/1280] 20240302 https://www.doordash.com/store/1026873/?utm_source=partner-link&utm_me … 0 items
  [368/1280] 20240225 https://www.doordash.com/store/1027573/ … 0 items
  [370/1280] 20240227 https://www.doordash.com/store/1028208/?pickup=true … 0 items
  [371/1280] 20240127 https://www.doordash.com/store/1028228/ … 0 items
  [372/1280] 20240302 https://www.doordash.com/store/1028228/?pickup=true … 0 items
  [373/1280] 20240224 https://www.doordash.com/store/1028255 … 0 items
  [374/1280] 20240224 https://www.doordash.com/store/1028255/?pickup=true … 0 items
  [377/1280] 20240303 https://www.doordash.com/store/1028273 … 0 items
  [378/1280] 20240303 https://www.doordash.com/store/1028273/?pickup=true … 0 items
  [380/1280] 20240303 https://www.doordash.com/store/1028369 … 0 items
  [383/1280] 20240301 https://www.doordash.com/store/1028393/?pickup=true … 0 items
  [384/1280] 20240303 https://www.doordash.com/store/1028445 … 0 items
  [385/1280] 20240303 https://www.doordash.com/store/1028445/?pickup=true … 0 items
  [388/1280] 20240228 https://www.doordash.com/store/1028479 … 0 items
  [391/1280] 20240302 https://www.doordash.com/store/1028648/?pickup=true … 0 items
  [392/1280] 20240224 https://www.doordash.com/store/1028803 … 0 items
  [393/1280] 20240301 https://www.doordash.com/store/1028803/?pickup=true … 0 items
  [394/1280] 20240229 https://www.doordash.com/store/1028885/ … 0 items
  [396/1280] 20240302 https://www.doordash.com/store/1028908/?pickup=true … 0 items
  [398/1280] 20240226 https://www.doordash.com/store/1028961/?pickup=true … 0 items
  [399/1280] 20240224 https://www.doordash.com/store/1028984 … 0 items
  [400/1280] 20240301 https://www.doordash.com/store/1028984/?pickup=true … 0 items
  [402/1280] 20240302 https://www.doordash.com/store/1029009/?pickup=true … 0 items
  [403/1280] 20240227 https://www.doordash.com/store/1029089 … 0 items
  [404/1280] 20240227 https://www.doordash.com/store/1029089/?pickup=true … 0 items
  [406/1280] 20240303 https://www.doordash.com/store/1029467/?pickup=true … 0 items
  [407/1280] 20240308 https://www.doordash.com/store/1029944/ … 0 items
  [410/1280] 20240303 https://www.doordash.com/store/1031311/ … 0 items
  [411/1280] 20240227 https://www.doordash.com/store/1031318/ … 0 items
  [413/1280] 20240228 https://www.doordash.com/store/1031560/?utm_source=partner-link&utm_me … 0 items
  [414/1280] 20240227 https://www.doordash.com/store/1031695/ … 0 items
  [416/1280] 20240302 https://www.doordash.com/store/1033050/?utm_source=partner-link&utm_me … 0 items
  [420/1280] 20240226 https://www.doordash.com/store/1036328/ … 0 items
  [423/1280] 20240223 https://www.doordash.com/store/1039483 … 0 items
  [424/1280] 20240302 https://www.doordash.com/store/10411/ … 0 items
  [425/1280] 20240223 https://www.doordash.com/store/104126 … 0 items
  [426/1280] 20240301 https://www.doordash.com/store/10413/ … 0 items
  [432/1280] 20240226 https://www.doordash.com/store/1045844/ … 0 items
  [433/1280] 20240223 https://www.doordash.com/store/1046831 … 0 items
  [434/1280] 20240223 https://www.doordash.com/store/1046831/?pickup=true … 0 items
  [435/1280] 20240224 https://www.doordash.com/store/1046842/ … 0 items
  [438/1280] 20240228 https://www.doordash.com/store/1048124/ … 0 items
  [439/1280] 20240305 https://www.doordash.com/store/1048831?utm_source=partner-link&utm_med … 0 items
  [443/1280] 20240213 https://www.doordash.com/store/1050904/ … 0 items
  [444/1280] 20240223 https://www.doordash.com/store/1051052/ … 0 items
  [445/1280] 20240224 https://www.doordash.com/store/1051341/ … 0 items
  [447/1280] 20240226 https://www.doordash.com/store/1052448/ … 0 items
  [448/1280] 20240301 https://www.doordash.com/store/105275/?utm_source=partner-link&utm_med … 0 items
  [450/1280] 20240227 https://www.doordash.com/store/1054673/ … 0 items
  [451/1280] 20240226 https://www.doordash.com/store/1054898/ … 0 items
  [453/1280] 20240225 https://www.doordash.com/store/1056260/ … 0 items
  [454/1280] 20240328 https://www.doordash.com/store/1057305/?cursor=eyJzdG9yZV9wcmltYXJ5X3Z … 0 items
  [455/1280] 20240321 https://www.doordash.com/store/1057305/?event_type=autocomplete&pickup … 0 items
  [458/1280] 20240227 https://www.doordash.com/store/1058061/ … 0 items
  [459/1280] 20240225 https://www.doordash.com/store/1059004/ … 0 items
  [461/1280] 20240306 https://www.doordash.com/store/1059357/?cursor=eyJzZWFyY2hfaXRlbV9jYXJ … 0 items
  [463/1280] 20240225 https://www.doordash.com/store/1059757/ … 0 items
  [470/1280] 20240302 https://www.doordash.com/store/1064729/ … 0 items
  [472/1280] 20240305 https://www.doordash.com/store/1067412?utm_source=partner-link&utm_med … 0 items
  [473/1280] 20240229 https://www.doordash.com/store/1067647/?utm_source=Enterprise_Partners … 0 items
  [474/1280] 20240302 https://www.doordash.com/store/1067680/?utm_source=Enterprise_Partners … 0 items
  [475/1280] 20240223 https://www.doordash.com/store/1067681/?utm_source=Enterprise_Partners … 0 items
  [476/1280] 20240301 https://www.doordash.com/store/1067720/?utm_source=Enterprise_Partners … 0 items
  [477/1280] 20240302 https://www.doordash.com/store/1067764/?utm_source=Enterprise_Partners … 0 items
  [479/1280] 20240223 https://www.doordash.com/store/1067782/?utm_source=Enterprise_Partners … 0 items
  [480/1280] 20240302 https://www.doordash.com/store/1067784/?utm_source=Enterprise_Partners … 0 items
  [481/1280] 20250126 https://www.doordash.com/store/%C4%93st-restaurant-toronto-26147599/?p … 0 items
  [482/1280] 20250327 https://www.doordash.com/store/%E2%80%9Cyour%E2%80%9D-pizza-shop-19584 … 0 items
  [484/1280] 20250321 https://www.doordash.com/store/&-cheese-atl-atlanta-1598245/?pickup=tr … 0 items
  [487/1280] 20250115 https://www.doordash.com/store/0 … 0 items
  [488/1280] 20250323 https://www.doordash.com/store/100108/ … 0 items
  [489/1280] 20250122 https://www.doordash.com/store/1001507/ … 0 items
  [490/1280] 20250208 https://www.doordash.com/store/1002754/ … 0 items
  [492/1280] 20250327 https://www.doordash.com/store/1003190/ … 0 items
  [493/1280] 20250319 https://www.doordash.com/store/1005568/ … 0 items
  [494/1280] 20250317 https://www.doordash.com/store/1007280/?utm_source=partner-link&utm_me … 0 items
  [498/1280] 20250216 https://www.doordash.com/store/1008976/ … 0 items
  [499/1280] 20250325 https://www.doordash.com/store/1009199/ … 0 items
  [500/1280] 20250119 https://www.doordash.com/store/1009270/ … 0 items
  [501/1280] 20250324 https://www.doordash.com/store/1009315/ … 0 items
  [504/1280] 20250121 https://www.doordash.com/store/1010612/ … 0 items
  [505/1280] 20250315 https://www.doordash.com/store/101083/ … 0 items
  [506/1280] 20250126 https://www.doordash.com/store/1011064 … 0 items
  [508/1280] 20250121 https://www.doordash.com/store/1012112/ … 0 items
  [510/1280] 20250115 https://www.doordash.com/store/1013948/ … 0 items
  [511/1280] 20250327 https://www.doordash.com/store/1014011/ … 0 items
  [512/1280] 20250124 https://www.doordash.com/store/101456/ … 0 items
  [513/1280] 20250113 https://www.doordash.com/store/1014779/ … 0 items
  [514/1280] 20250116 https://www.doordash.com/store/1015384/ … 0 items
  [515/1280] 20250122 https://www.doordash.com/store/1015494/ … 0 items
  [517/1280] 20250317 https://www.doordash.com/store/1016155/ … 0 items
  [519/1280] 20250211 https://www.doordash.com/store/1018483/ … 0 items
  [521/1280] 20250327 https://www.doordash.com/store/1021127/ … 0 items
  [523/1280] 20250214 https://www.doordash.com/store/102191/?utm_source=partner-link&utm_med … 0 items
  [524/1280] 20250117 https://www.doordash.com/store/1022442/ … 0 items
  [525/1280] 20250119 https://www.doordash.com/store/1022543/ … 0 items
  [526/1280] 20250316 https://www.doordash.com/store/1025795/ … 0 items
  [528/1280] 20250115 https://www.doordash.com/store/1026505/ … 0 items
  [529/1280] 20250320 https://www.doordash.com/store/1026510/ … 0 items
  [530/1280] 20250319 https://www.doordash.com/store/1026518/ … fetch fail
  [532/1280] 20250116 https://www.doordash.com/store/1026589/ … 0 items
  [535/1280] 20250213 https://www.doordash.com/store/1027236/?utm_source=partner-link&utm_me … 0 items
  [538/1280] 20250212 https://www.doordash.com/store/1028481/ … 0 items
  [540/1280] 20250219 https://www.doordash.com/store/1028518/?pickup=true … 18 items
  [541/1280] 20250215 https://www.doordash.com/store/1028561 … 0 items
  [542/1280] 20250215 https://www.doordash.com/store/1028561/?pickup=true … 0 items
  [544/1280] 20250323 https://www.doordash.com/store/1028610/?pickup=true … 18 items
  [545/1280] 20250121 https://www.doordash.com/store/1028644/ … 0 items
  [546/1280] 20250208 https://www.doordash.com/store/1028650/ … 0 items
  [547/1280] 20250113 https://www.doordash.com/store/1028674/ … 0 items
  [550/1280] 20250209 https://www.doordash.com/store/1028822 … 0 items
  [551/1280] 20250207 https://www.doordash.com/store/1028822/?pickup=true … 0 items
  [552/1280] 20250315 https://www.doordash.com/store/1028878 … 19 items
  [553/1280] 20250315 https://www.doordash.com/store/1028878/?pickup=true … 19 items
  [554/1280] 20250321 https://www.doordash.com/store/1028928 … 18 items
  [555/1280] 20250321 https://www.doordash.com/store/1028928/?pickup=true … 0 items
  [556/1280] 20250207 https://www.doordash.com/store/1028968 … 0 items
  [557/1280] 20250207 https://www.doordash.com/store/1028968/?pickup=true … 0 items
  [558/1280] 20250214 https://www.doordash.com/store/1028983 … 0 items
  [559/1280] 20250214 https://www.doordash.com/store/1028983/?pickup=true … 0 items
  [560/1280] 20250209 https://www.doordash.com/store/1029001 … 0 items
  [561/1280] 20250215 https://www.doordash.com/store/1029001/?pickup=true … 0 items
  [562/1280] 20250326 https://www.doordash.com/store/10309/ … 0 items
  [563/1280] 20250121 https://www.doordash.com/store/1030939/ … 0 items
  [564/1280] 20250326 https://www.doordash.com/store/1031012/ … 34 items
  [565/1280] 20250213 https://www.doordash.com/store/1031757/ … 0 items
  [566/1280] 20250315 https://www.doordash.com/store/1033294/?utm_source=partner-link&utm_me … 0 items
  [567/1280] 20250215 https://www.doordash.com/store/1033446/ … 0 items
  [568/1280] 20250324 https://www.doordash.com/store/1034435/ … 0 items
  [569/1280] 20250123 https://www.doordash.com/store/1034725/ … 0 items
  [570/1280] 20250121 https://www.doordash.com/store/1035781/ … 0 items
  [571/1280] 20250317 https://www.doordash.com/store/1036050/ … 0 items
  [572/1280] 20250125 https://www.doordash.com/store/1037007/ … 0 items
  [573/1280] 20250113 https://www.doordash.com/store/1037089/ … 0 items
  [574/1280] 20250115 https://www.doordash.com/store/1037416/ … 0 items
  [575/1280] 20250316 https://www.doordash.com/store/1039877/ … 0 items
  [576/1280] 20250317 https://www.doordash.com/store/1039877/?cursor=eyJzZWFyY2hfaXRlbV9jYXJ … 0 items
  [577/1280] 20250122 https://www.doordash.com/store/1040412/ … 0 items
  [578/1280] 20250328 https://www.doordash.com/store/1042895/ … 59 items
  [579/1280] 20250317 https://www.doordash.com/store/1043025/ … 0 items
  [580/1280] 20250207 https://www.doordash.com/store/1043075/ … 0 items
  [581/1280] 20250315 https://www.doordash.com/store/1044958/ … 45 items
  [582/1280] 20250326 https://www.doordash.com/store/104499/ … 68 items
  [583/1280] 20250315 https://www.doordash.com/store/1045862/ … 0 items
  [584/1280] 20250324 https://www.doordash.com/store/1047657/ … 0 items
  [585/1280] 20250321 https://www.doordash.com/store/104779/ … 0 items
  [586/1280] 20250315 https://www.doordash.com/store/104792/ … 80 items
  [587/1280] 20250325 https://www.doordash.com/store/1047951/ … 0 items
  [588/1280] 20250316 https://www.doordash.com/store/1048506/ … 79 items
  [589/1280] 20250325 https://www.doordash.com/store/1049007/ … 0 items
  [590/1280] 20250319 https://www.doordash.com/store/1049094/ … 0 items
  [591/1280] 20250219 https://www.doordash.com/store/105-twenty-briarcliff-manor-117661/ … 62 items
  [592/1280] 20250316 https://www.doordash.com/store/105-twenty-croton-on-hudson-1102729/ … 0 items
  [593/1280] 20250126 https://www.doordash.com/store/105018/ … 0 items
  [594/1280] 20250326 https://www.doordash.com/store/105031/ … 76 items
  [595/1280] 20250325 https://www.doordash.com/store/1050671/?cursor=eyJzZWFyY2hfaXRlbV9jYXJ … 80 items
  [596/1280] 20250324 https://www.doordash.com/store/1050796/ … 0 items
  [597/1280] 20250319 https://www.doordash.com/store/105325/ … 11 items
  [598/1280] 20250206 https://www.doordash.com/store/1055869/ … 0 items
  [599/1280] 20250211 https://www.doordash.com/store/1056470/ … 0 items
  [600/1280] 20250328 https://www.doordash.com/store/1058056/ … 81 items
  [601/1280] 20250321 https://www.doordash.com/store/105901/ … 81 items
  [602/1280] 20250317 https://www.doordash.com/store/1059724/ … 0 items
  [603/1280] 20250328 https://www.doordash.com/store/105984/ … 82 items
  [604/1280] 20250318 https://www.doordash.com/store/105984/?cursor=eyJzZWFyY2hfaXRlbV9jYXJv … 82 items
  [605/1280] 20250328 https://www.doordash.com/store/105998/ … 0 items
  [606/1280] 20250123 https://www.doordash.com/store/1060578/ … 0 items
  [607/1280] 20250219 https://www.doordash.com/store/1060580/ … 0 items
  [608/1280] 20250322 https://www.doordash.com/store/1060593/ … 75 items
  [609/1280] 20250320 https://www.doordash.com/store/1060612/?cursor=eyJzdG9yZV92ZXJ0aWNhbF9 … 0 items
  [610/1280] 20250121 https://www.doordash.com/store/1060619/ … 79 items
  [611/1280] 20250326 https://www.doordash.com/store/1060638/ … 77 items
  [612/1280] 20250326 https://www.doordash.com/store/106082/ … 0 items
  [613/1280] 20250326 https://www.doordash.com/store/106119/ … 0 items
  [614/1280] 20250217 https://www.doordash.com/store/1061792/ … 81 items
  [615/1280] 20250327 https://www.doordash.com/store/1062018/ … 74 items
  [616/1280] 20250320 https://www.doordash.com/store/1062034/ … 61 items
  [617/1280] 20250215 https://www.doordash.com/store/106207/?cursor=eyJzZWFyY2hfaXRlbV9jYXJv … 17 items
  [618/1280] 20250126 https://www.doordash.com/store/1062623/ … 0 items
  [619/1280] 20250217 https://www.doordash.com/store/1063496/ … 0 items
  [620/1280] 20250320 https://www.doordash.com/store/1064287/ … 0 items
  [621/1280] 20250214 https://www.doordash.com/store/1065138/ … 0 items
  [622/1280] 20250325 https://www.doordash.com/store/1066291 … 0 items
  [623/1280] 20250323 https://www.doordash.com/store/1067079/ … 0 items
  [624/1280] 20250315 https://www.doordash.com/store/1067525/ … 0 items
  [625/1280] 20250326 https://www.doordash.com/store/1067532/ … 22 items
  [626/1280] 20250322 https://www.doordash.com/store/1067849/ … 0 items
  [627/1280] 20250214 https://www.doordash.com/store/1067851/?utm_source=Enterprise_Partners … 72 items
  [628/1280] 20250316 https://www.doordash.com/store/1068075/ … 0 items
  [629/1280] 20250326 https://www.doordash.com/store/1068290/ … 78 items
  [630/1280] 20250120 https://www.doordash.com/store/1069622/ … 0 items
  [631/1280] 20250125 https://www.doordash.com/store/1069993/?utm_source=Enterprise_Partners … 0 items
  [632/1280] 20250319 https://www.doordash.com/store/1071539/?utm_source=Enterprise_Partners … 0 items
  [634/1280] 20250125 https://www.doordash.com/store/1071869/?utm_source=Enterprise_Partners … 0 items
  [635/1280] 20250210 https://www.doordash.com/store/1072127/ … 0 items
  [636/1280] 20250212 https://www.doordash.com/store/1072247/ … 0 items
  [637/1280] 20250322 https://www.doordash.com/store/1073747/ … 0 items
  [638/1280] 20250215 https://www.doordash.com/store/107436/ … 0 items
  [639/1280] 20250207 https://www.doordash.com/store/1074946/ … 0 items
  [640/1280] 20250327 https://www.doordash.com/store/1074972/ … 0 items
  [645/1280] 20250527 https://www.doordash.com/store/$0.31 … 0 items
  [647/1280] 20250425 https://www.doordash.com/store/$0.39 … 0 items
  [648/1280] 20250508 https://www.doordash.com/store/$0.40 … 0 items
  [650/1280] 20250527 https://www.doordash.com/store/$0.49 … 20 items
  [651/1280] 20250524 https://www.doordash.com/store/$0.50 … 0 items
  [657/1280] 20250511 https://www.doordash.com/store/$1.00 … 0 items
  [658/1280] 20250426 https://www.doordash.com/store/$1.07 … 0 items
  [660/1280] 20250426 https://www.doordash.com/store/$1.19 … 91 items
  [667/1280] 20250605 https://www.doordash.com/store/$1.50 … 0 items
  [668/1280] 20250430 https://www.doordash.com/store/$1.54 … 0 items
  [669/1280] 20250426 https://www.doordash.com/store/$1.59 … 0 items
  [673/1280] 20250603 https://www.doordash.com/store/$1.86 … 0 items
  [674/1280] 20250426 https://www.doordash.com/store/$1.89 … 0 items
  [676/1280] 20250425 https://www.doordash.com/store/$1.99 … 0 items
  [677/1280] 20250524 https://www.doordash.com/store/$10.00 … 0 items
  [681/1280] 20250428 https://www.doordash.com/store/$10.25 … 0 items
  [683/1280] 20250623 https://www.doordash.com/store/$10.33 … 0 items
  [686/1280] 20250427 https://www.doordash.com/store/$10.39 … 0 items
  [687/1280] 20250511 https://www.doordash.com/store/$10.40 … 0 items
  [690/1280] 20250602 https://www.doordash.com/store/$10.50 … 0 items
  [691/1280] 20250426 https://www.doordash.com/store/$10.51 … 0 items
  [694/1280] 20250502 https://www.doordash.com/store/$10.69 … 0 items
  [696/1280] 20250426 https://www.doordash.com/store/$10.75 … 0 items
  [699/1280] 20250426 https://www.doordash.com/store/$10.89 … 0 items
  [701/1280] 20250508 https://www.doordash.com/store/$10.99 … 91 items
  [702/1280] 20250511 https://www.doordash.com/store/$100.80 … 86 items
  [703/1280] 20250525 https://www.doordash.com/store/$11.00 … 0 items
  [704/1280] 20250428 https://www.doordash.com/store/$11.05 … 0 items
  [705/1280] 20250523 https://www.doordash.com/store/$11.09 … 63 items
  [706/1280] 20250427 https://www.doordash.com/store/$11.19 … 0 items
  [707/1280] 20250511 https://www.doordash.com/store/$11.20 … 78 items
  [708/1280] 20250512 https://www.doordash.com/store/$11.25 … 71 items
  [709/1280] 20250510 https://www.doordash.com/store/$11.29 … 52 items
  [710/1280] 20250616 https://www.doordash.com/store/$11.30 … 46 items
  [712/1280] 20250620 https://www.doordash.com/store/$11.40 … 0 items
  [713/1280] 20250430 https://www.doordash.com/store/$11.45 … 78 items
  [714/1280] 20250603 https://www.doordash.com/store/$11.48 … 83 items
  [715/1280] 20250508 https://www.doordash.com/store/$11.49 … 20 items
  [716/1280] 20250522 https://www.doordash.com/store/$11.50 … 0 items
  [717/1280] 20250425 https://www.doordash.com/store/$11.59 … 6 items
  [718/1280] 20250618 https://www.doordash.com/store/$11.62 … 59 items
  [719/1280] 20250620 https://www.doordash.com/store/$11.63 … 82 items
  [720/1280] 20250508 https://www.doordash.com/store/$11.69 … 52 items
  [721/1280] 20250511 https://www.doordash.com/store/$11.70 … 23 items
  [722/1280] 20250618 https://www.doordash.com/store/$11.75 … 50 items
  [723/1280] 20250427 https://www.doordash.com/store/$11.79 … 79 items
  [724/1280] 20250510 https://www.doordash.com/store/$11.89 … 47 items
  [725/1280] 20250616 https://www.doordash.com/store/$11.90 … 76 items
  [726/1280] 20250525 https://www.doordash.com/store/$11.95 … 82 items
  [727/1280] 20250603 https://www.doordash.com/store/$11.98 … 74 items
  [729/1280] 20250605 https://www.doordash.com/store/$110.00 … 0 items
  [730/1280] 20250511 https://www.doordash.com/store/$112.00 … 0 items
  [731/1280] 20250524 https://www.doordash.com/store/$12.00 … 0 items
  [732/1280] 20250613 https://www.doordash.com/store/$12.05 … 91 items
  [733/1280] 20250512 https://www.doordash.com/store/$12.09 … 63 items
  [734/1280] 20250625 https://www.doordash.com/store/$12.15 … 76 items
  [735/1280] 20250427 https://www.doordash.com/store/$12.19 … 91 items
  [736/1280] 20250616 https://www.doordash.com/store/$12.20 … 78 items
  [737/1280] 20250527 https://www.doordash.com/store/$12.25 … 71 items
  [738/1280] 20250605 https://www.doordash.com/store/$12.29 … 52 items
  [739/1280] 20250426 https://www.doordash.com/store/$12.32 … 51 items
  [740/1280] 20250605 https://www.doordash.com/store/$12.34 … 48 items
  [741/1280] 20250623 https://www.doordash.com/store/$12.35 … 48 items
  [742/1280] 20250427 https://www.doordash.com/store/$12.39 … 0 items
  [743/1280] 20250427 https://www.doordash.com/store/$12.40 … 0 items
  [744/1280] 20250625 https://www.doordash.com/store/$12.45 … 78 items
  [746/1280] 20250522 https://www.doordash.com/store/$12.50 … 0 items
  [747/1280] 20250502 https://www.doordash.com/store/$12.59 … 0 items
  [748/1280] 20250620 https://www.doordash.com/store/$12.60 … 58 items
  [749/1280] 20250508 https://www.doordash.com/store/$12.69 … 52 items
  [750/1280] 20250616 https://www.doordash.com/store/$12.70 … 23 items
  [751/1280] 20250605 https://www.doordash.com/store/$12.74 … 0 items
  [752/1280] 20250430 https://www.doordash.com/store/$12.79 … 79 items
  [753/1280] 20250515 https://www.doordash.com/store/$12.89 … 47 items
  [754/1280] 20250605 https://www.doordash.com/store/$12.90 … 76 items
  [756/1280] 20250525 https://www.doordash.com/store/$12.95 … 82 items
  [758/1280] 20250524 https://www.doordash.com/store/$13.00 … 0 items
  [759/1280] 20250502 https://www.doordash.com/store/$13.09 … 0 items
  [762/1280] 20250512 https://www.doordash.com/store/$13.25 … 71 items
  [763/1280] 20250427 https://www.doordash.com/store/$13.29 … 0 items
  [764/1280] 20250430 https://www.doordash.com/store/$13.30 … 0 items
  [765/1280] 20250428 https://www.doordash.com/store/$13.39 … 0 items
  [766/1280] 20250511 https://www.doordash.com/store/$13.45 … 78 items
  [768/1280] 20250605 https://www.doordash.com/store/$13.50 … 0 items
  [769/1280] 20250502 https://www.doordash.com/store/$13.59 … 0 items
  [770/1280] 20250430 https://www.doordash.com/store/$13.60 … 58 items
  [771/1280] 20250625 https://www.doordash.com/store/$13.65 … 37 items
  [772/1280] 20250510 https://www.doordash.com/store/$13.69 … 52 items
  [773/1280] 20250603 https://www.doordash.com/store/$13.73 … 0 items
  [774/1280] 20250610 https://www.doordash.com/store/$13.74 … 0 items
  [775/1280] 20250605 https://www.doordash.com/store/$13.75 … 50 items
  [777/1280] 20250427 https://www.doordash.com/store/$13.89 … 0 items
  [778/1280] 20250427 https://www.doordash.com/store/$13.90 … 0 items
  [779/1280] 20250525 https://www.doordash.com/store/$13.95 … 82 items
  [780/1280] 20250430 https://www.doordash.com/store/$13.96 … fetch fail
  [782/1280] 20250522 https://www.doordash.com/store/$14.00 … 0 items
  [783/1280] 20250605 https://www.doordash.com/store/$14.05 … 91 items
  [784/1280] 20250430 https://www.doordash.com/store/$14.10 … 80 items
  [785/1280] 20250623 https://www.doordash.com/store/$14.11 … 21 items
  [786/1280] 20250502 https://www.doordash.com/store/$14.19 … 91 items
  [787/1280] 20250525 https://www.doordash.com/store/$14.25 … 71 items
  [788/1280] 20250426 https://www.doordash.com/store/$14.26 … 48 items
  [789/1280] 20250623 https://www.doordash.com/store/$14.27 … 91 items
  [790/1280] 20250430 https://www.doordash.com/store/$14.29 … 0 items
  [791/1280] 20250511 https://www.doordash.com/store/$14.30 … 46 items
  [792/1280] 20250428 https://www.doordash.com/store/$14.39 … 70 items
  [793/1280] 20250614 https://www.doordash.com/store/$14.40 … 0 items
  [795/1280] 20250605 https://www.doordash.com/store/$14.50 … 0 items
  [796/1280] 20250428 https://www.doordash.com/store/$14.55 … 89 items
  [797/1280] 20250430 https://www.doordash.com/store/$14.59 … 0 items
  [798/1280] 20250511 https://www.doordash.com/store/$14.60 … 66 items
  [799/1280] 20250605 https://www.doordash.com/store/$14.63 … 82 items
  [800/1280] 20250515 https://www.doordash.com/store/$14.69 … 52 items
  [803/1280] 20250721 https://www.doordash.com/store/$0.01 … 0 items
  [805/1280] 20250721 https://www.doordash.com/store/$0.35 … 48 items
  [807/1280] 20250721 https://www.doordash.com/store/$0.92 … 0 items
  [822/1280] 20250721 https://www.doordash.com/store/$100.00 … 0 items
  [831/1280] 20250721 https://www.doordash.com/store/$11.86 … 0 items
  [834/1280] 20250721 https://www.doordash.com/store/$115.50 … 0 items
  [838/1280] 20250721 https://www.doordash.com/store/$12.13 … 0 items
  [850/1280] 20250721 https://www.doordash.com/store/$130.00 … 0 items
  [855/1280] 20250721 https://www.doordash.com/store/$14.13 … 0 items
  [856/1280] 20250721 https://www.doordash.com/store/$14.15 … 76 items
  [857/1280] 20250721 https://www.doordash.com/store/$14.36 … 79 items
  [858/1280] 20250721 https://www.doordash.com/store/$14.38 … 67 items
  [859/1280] 20250721 https://www.doordash.com/store/$14.62 … 59 items
  [860/1280] 20250721 https://www.doordash.com/store/$14.74 … 0 items
  [861/1280] 20250721 https://www.doordash.com/store/$14.75 … 50 items
  [862/1280] 20250721 https://www.doordash.com/store/$14.80 … 77 items
  [863/1280] 20250721 https://www.doordash.com/store/$14.83 … 79 items
  [864/1280] 20250721 https://www.doordash.com/store/$14.85 … 70 items
  [866/1280] 20250721 https://www.doordash.com/store/$140.00 … 0 items
  [867/1280] 20250721 https://www.doordash.com/store/$144.09 … 50 items
  [868/1280] 20250721 https://www.doordash.com/store/$148.59 … 6 items
  [869/1280] 20250721 https://www.doordash.com/store/$15.13 … 0 items
  [870/1280] 20250721 https://www.doordash.com/store/$15.23 … 89 items
  [871/1280] 20250721 https://www.doordash.com/store/$15.25 … 71 items
  [872/1280] 20250721 https://www.doordash.com/store/$15.45 … 78 items
  [874/1280] 20250721 https://www.doordash.com/store/$15.61 … 91 items
  [875/1280] 20250721 https://www.doordash.com/store/$15.68 … 76 items
  [876/1280] 20250721 https://www.doordash.com/store/$15.71 … 0 items
  [877/1280] 20250721 https://www.doordash.com/store/$15.84 … 69 items
  [878/1280] 20250721 https://www.doordash.com/store/$15.85 … 70 items
  [879/1280] 20250721 https://www.doordash.com/store/$15.90 … 76 items
  [880/1280] 20250917 https://www.doordash.com/store/$150-fresh-pizza-new-york-1222193/ … 34 items
  [881/1280] 20250721 https://www.doordash.com/store/$150.00 … 0 items
  [882/1280] 20250721 https://www.doordash.com/store/$156.20 … 79 items
  [883/1280] 20250721 https://www.doordash.com/store/$16.15 … 76 items
  [884/1280] 20250721 https://www.doordash.com/store/$16.23 … 89 items
  [885/1280] 20250721 https://www.doordash.com/store/$16.36 … 79 items
  [886/1280] 20250721 https://www.doordash.com/store/$16.40 … 0 items
  [887/1280] 20250721 https://www.doordash.com/store/$16.45 … 78 items
  [888/1280] 20250721 https://www.doordash.com/store/$16.47 … 32 items
  [889/1280] 20250721 https://www.doordash.com/store/$16.51 … 0 items
  [890/1280] 20250721 https://www.doordash.com/store/$16.78 … 31 items
  [891/1280] 20250721 https://www.doordash.com/store/$16.86 … 0 items
  [892/1280] 20250722 https://www.doordash.com/store/$16.87 … 77 items
  [893/1280] 20250926 https://www.doordash.com/store/$16.90 … 76 items
  [894/1280] 20250721 https://www.doordash.com/store/$16.94 … 34 items
  [895/1280] 20250721 https://www.doordash.com/store/$160.00 … 0 items
  [896/1280] 20250721 https://www.doordash.com/store/$17.05 … 91 items
  [897/1280] 20250721 https://www.doordash.com/store/$17.33 … 0 items
  [898/1280] 20250721 https://www.doordash.com/store/$17.40 … 0 items
  [899/1280] 20250926 https://www.doordash.com/store/$17.43 … 70 items
  [900/1280] 20250721 https://www.doordash.com/store/$17.53 … 79 items
  [901/1280] 20250926 https://www.doordash.com/store/$17.64 … 16 items
  [902/1280] 20250721 https://www.doordash.com/store/$17.70 … 28 items
  [903/1280] 20250721 https://www.doordash.com/store/$17.80 … 77 items
  [904/1280] 20250721 https://www.doordash.com/store/$17.82 … 0 items
  [906/1280] 20250721 https://www.doordash.com/store/$170.00 … 0 items
  [907/1280] 20250721 https://www.doordash.com/store/$18.11 … 21 items
  [908/1280] 20250721 https://www.doordash.com/store/$18.33 … 0 items
  [909/1280] 20250721 https://www.doordash.com/store/$18.37 … 84 items
  [910/1280] 20250721 https://www.doordash.com/store/$18.40 … 0 items
  [911/1280] 20250721 https://www.doordash.com/store/$18.43 … 72 items
  [912/1280] 20250721 https://www.doordash.com/store/$18.49 … 20 items
  [913/1280] 20250721 https://www.doordash.com/store/$18.59 … 6 items
  [914/1280] 20250721 https://www.doordash.com/store/$18.74 … 0 items
  [915/1280] 20250721 https://www.doordash.com/store/$18.80 … 77 items
  [916/1280] 20250721 https://www.doordash.com/store/$18.98 … 77 items
  [917/1280] 20250814 https://www.doordash.com/store/$182.00 … 0 items
  [918/1280] 20250706 https://www.doordash.com/store/$19.20 … 79 items
  [919/1280] 20250721 https://www.doordash.com/store/$19.36 … 79 items
  [920/1280] 20250721 https://www.doordash.com/store/$19.53 … 79 items
  [921/1280] 20250721 https://www.doordash.com/store/$19.55 … 88 items
  [922/1280] 20250721 https://www.doordash.com/store/$19.65 … 37 items
  [923/1280] 20250721 https://www.doordash.com/store/$19.75 … 50 items
  [924/1280] 20250721 https://www.doordash.com/store/$195.99 … 91 items
  [925/1280] 20250913 https://www.doordash.com/store/$199-fresh-pizza-lyndhurst-32783939/ … 61 items
  [926/1280] 20250721 https://www.doordash.com/store/$2.04 … 49 items
  [927/1280] 20250908 https://www.doordash.com/store/$2.05 … 91 items
  [928/1280] 20250921 https://www.doordash.com/store/$2.39 … 77 items
  [929/1280] 20250921 https://www.doordash.com/store/$2.63 … 81 items
  [930/1280] 20250921 https://www.doordash.com/store/$2.69 … 52 items
  [931/1280] 20250921 https://www.doordash.com/store/$2.75 … 51 items
  [932/1280] 20250921 https://www.doordash.com/store/$2.87 … 78 items
  [933/1280] 20250921 https://www.doordash.com/store/$20.00 … 0 items
  [934/1280] 20250721 https://www.doordash.com/store/$20.02 … 45 items
  [935/1280] 20250721 https://www.doordash.com/store/$20.05 … 91 items
  [936/1280] 20250721 https://www.doordash.com/store/$20.08 … 83 items
  [937/1280] 20250721 https://www.doordash.com/store/$20.23 … 89 items
  [938/1280] 20250721 https://www.doordash.com/store/$20.25 … 71 items
  [939/1280] 20250721 https://www.doordash.com/store/$20.30 … 46 items
  [940/1280] 20250721 https://www.doordash.com/store/$20.45 … 78 items
  [941/1280] 20250721 https://www.doordash.com/store/$20.49 … 20 items
  [942/1280] 20250926 https://www.doordash.com/store/$20.60 … 34 items
  [943/1280] 20250721 https://www.doordash.com/store/$20.61 … 91 items
  [944/1280] 20250721 https://www.doordash.com/store/$20.70 … 28 items
  [945/1280] 20250721 https://www.doordash.com/store/$20.77 … 91 items
  [946/1280] 20250721 https://www.doordash.com/store/$20.80 … 77 items
  [947/1280] 20250721 https://www.doordash.com/store/$21.24 … 27 items
  [948/1280] 20250921 https://www.doordash.com/store/$21.59 … 6 items
  [949/1280] 20250914 https://www.doordash.com/store/$21.85 … 70 items
  [950/1280] 20250721 https://www.doordash.com/store/$22.20 … 79 items
  [951/1280] 20250722 https://www.doordash.com/store/$22.23 … 88 items
  [952/1280] 20250908 https://www.doordash.com/store/$22.35 … 48 items
  [953/1280] 20250706 https://www.doordash.com/store/$22.80 … 86 items
  [954/1280] 20250721 https://www.doordash.com/store/$22.93 … 23 items
  [955/1280] 20250721 https://www.doordash.com/store/$220.99 … 91 items
  [956/1280] 20250721 https://www.doordash.com/store/$23.11 … 21 items
  [957/1280] 20250722 https://www.doordash.com/store/$23.20 … 79 items
  [958/1280] 20250721 https://www.doordash.com/store/$23.74 … 0 items
  [959/1280] 20250721 https://www.doordash.com/store/$23.80 … 77 items
  [960/1280] 20250921 https://www.doordash.com/store/$23.99 … 91 items
  [964/1280] 20251009 https://www.doordash.com/store/$10.71 … 0 items
  [965/1280] 20251007 https://www.doordash.com/store/$10.92 … 0 items
  [967/1280] 20251009 https://www.doordash.com/store/$11.01 … 0 items
  [969/1280] 20251009 https://www.doordash.com/store/$11.31 … 0 items
  [972/1280] 20251009 https://www.doordash.com/store/$115.00 … 0 items
  [975/1280] 20251009 https://www.doordash.com/store/$120.00 … 0 items
  [976/1280] 20251009 https://www.doordash.com/store/$125.00 … 0 items
  [993/1280] 20251009 https://www.doordash.com/store/$155.00 … 0 items
  [1004/1280] 20251009 https://www.doordash.com/store/$17.51 … 0 items
  [1008/1280] 20251009 https://www.doordash.com/store/$18.00 … 0 items
  [1010/1280] 20251007 https://www.doordash.com/store/$18.55 … 89 items
  [1011/1280] 20251006 https://www.doordash.com/store/$18.60 … 34 items
  [1012/1280] 20251007 https://www.doordash.com/store/$18.85 … 74 items
  [1013/1280] 20251010 https://www.doordash.com/store/$18.99 … 91 items
  [1014/1280] 20251009 https://www.doordash.com/store/$19.10 … 80 items
  [1015/1280] 20251009 https://www.doordash.com/store/$19.39 … 77 items
  [1016/1280] 20251010 https://www.doordash.com/store/$19.99 … 91 items
  [1017/1280] 20251009 https://www.doordash.com/store/$195.00 … 0 items
  [1018/1280] 20251009 https://www.doordash.com/store/$2.01 … 0 items
  [1019/1280] 20251008 https://www.doordash.com/store/$2.14 … 51 items
  [1020/1280] 20251009 https://www.doordash.com/store/$2.37 … 84 items
  [1021/1280] 20251009 https://www.doordash.com/store/$20.19 … 91 items
  [1022/1280] 20251006 https://www.doordash.com/store/$20.40 … 0 items
  [1023/1280] 20251006 https://www.doordash.com/store/$20.59 … 6 items
  [1024/1280] 20251009 https://www.doordash.com/store/$20.89 … 47 items
  [1025/1280] 20251009 https://www.doordash.com/store/$21.09 … 13 items
  [1026/1280] 20251009 https://www.doordash.com/store/$21.49 … 20 items
  [1027/1280] 20251007 https://www.doordash.com/store/$21.70 … 56 items
  [1028/1280] 20251007 https://www.doordash.com/store/$21.75 … 79 items
  [1029/1280] 20251009 https://www.doordash.com/store/$21.89 … 47 items
  [1030/1280] 20251007 https://www.doordash.com/store/$21.90 … 76 items
  [1031/1280] 20251010 https://www.doordash.com/store/$21.99 … 91 items
  [1032/1280] 20251009 https://www.doordash.com/store/$22.19 … 91 items
  [1033/1280] 20251009 https://www.doordash.com/store/$22.39 … 77 items
  [1034/1280] 20251009 https://www.doordash.com/store/$22.55 … 89 items
  [1035/1280] 20251007 https://www.doordash.com/store/$22.65 … 37 items
  [1036/1280] 20251009 https://www.doordash.com/store/$22.69 … 52 items
  [1037/1280] 20251009 https://www.doordash.com/store/$23.09 … 13 items
  [1038/1280] 20251006 https://www.doordash.com/store/$23.31 … 0 items
  [1039/1280] 20251006 https://www.doordash.com/store/$23.40 … 0 items
  [1040/1280] 20251010 https://www.doordash.com/store/$23.49 … 20 items
  [1041/1280] 20251007 https://www.doordash.com/store/$23.60 … 34 items
  [1042/1280] 20251007 https://www.doordash.com/store/$235.75 … 79 items
  [1043/1280] 20251009 https://www.doordash.com/store/$24.00 … 0 items
  [1044/1280] 20251009 https://www.doordash.com/store/$24.25 … 71 items
  [1045/1280] 20251009 https://www.doordash.com/store/$24.30 … 46 items
  [1046/1280] 20251007 https://www.doordash.com/store/$25.30 … 46 items
  [1047/1280] 20251007 https://www.doordash.com/store/$25.75 … 79 items
  [1048/1280] 20251009 https://www.doordash.com/store/$26.69 … 52 items
  [1049/1280] 20251007 https://www.doordash.com/store/$26.70 … 56 items
  [1050/1280] 20251009 https://www.doordash.com/store/$265.00 … 0 items
  [1051/1280] 20251006 https://www.doordash.com/store/$29.40 … 0 items
  [1052/1280] 20251009 https://www.doordash.com/store/$29.50 … 0 items
  [1053/1280] 20251009 https://www.doordash.com/store/$3.00 … 0 items
  [1054/1280] 20251007 https://www.doordash.com/store/$3.10 … 81 items
  [1055/1280] 20251008 https://www.doordash.com/store/$3.15 … 76 items
  [1056/1280] 20251006 https://www.doordash.com/store/$3.16 … 23 items
  [1057/1280] 20251008 https://www.doordash.com/store/$3.40 … 0 items
  [1058/1280] 20251006 https://www.doordash.com/store/$3.46 … 51 items
  [1059/1280] 20251010 https://www.doordash.com/store/$3.49 … 20 items
  [1060/1280] 20251009 https://www.doordash.com/store/$3.56 … 0 items
  [1061/1280] 20251009 https://www.doordash.com/store/$3.60 … 58 items
  [1062/1280] 20251009 https://www.doordash.com/store/$3.84 … 68 items
  [1063/1280] 20251006 https://www.doordash.com/store/$3.96 … 25 items
  [1064/1280] 20251006 https://www.doordash.com/store/$30.42 … 18 items
  [1065/1280] 20251006 https://www.doordash.com/store/$31.20 … 78 items
  [1066/1280] 20251007 https://www.doordash.com/store/$31.45 … 78 items
  [1067/1280] 20251009 https://www.doordash.com/store/$31.50 … 0 items
  [1068/1280] 20251006 https://www.doordash.com/store/$31.80 … 77 items
  [1069/1280] 20251009 https://www.doordash.com/store/$32.10 … 80 items
  [1070/1280] 20251007 https://www.doordash.com/store/$32.20 … 78 items
  [1071/1280] 20251006 https://www.doordash.com/store/$32.33 … 0 items
  [1072/1280] 20251006 https://www.doordash.com/store/$33.99 … 91 items
  [1073/1280] 20251009 https://www.doordash.com/store/$36.50 … 0 items
  [1074/1280] 20251009 https://www.doordash.com/store/$37.50 … 0 items
  [1075/1280] 20251006 https://www.doordash.com/store/$4.16 … 23 items
  [1076/1280] 20251009 https://www.doordash.com/store/$4.80 … 77 items
  [1077/1280] 20251007 https://www.doordash.com/store/$41.40 … 0 items
  [1079/1280] 20251006 https://www.doordash.com/store/$43.20 … 78 items
  [1080/1280] 20251006 https://www.doordash.com/store/$43.29 … 51 items
  [1081/1280] 20251006 https://www.doordash.com/store/$43.99 … 91 items
  [1083/1280] 20251006 https://www.doordash.com/store/$45.99 … 91 items
  [1084/1280] 20251208 https://www.doordash.com/store/$5-ice-cream-pints-south-san-francisco- … 22 items
  [1085/1280] 20251006 https://www.doordash.com/store/$5.40 … 0 items
  [1086/1280] 20251008 https://www.doordash.com/store/$5.70 … 56 items
  [1087/1280] 20251010 https://www.doordash.com/store/$5.99 … 91 items
  [1088/1280] 20251006 https://www.doordash.com/store/$55.99 … 91 items
  [1089/1280] 20251009 https://www.doordash.com/store/$6.00 … 0 items
  [1090/1280] 20251008 https://www.doordash.com/store/$6.48 … 83 items
  [1091/1280] 20251008 https://www.doordash.com/store/$6.54 … 49 items
  [1092/1280] 20251007 https://www.doordash.com/store/$6.65 … 37 items
  [1093/1280] 20251009 https://www.doordash.com/store/$6.80 … 77 items
  [1094/1280] 20251008 https://www.doordash.com/store/$6.81 … 91 items
  [1095/1280] 20251007 https://www.doordash.com/store/$6.85 … 74 items
  [1096/1280] 20251006 https://www.doordash.com/store/$6.87 … 77 items
  [1097/1280] 20251006 https://www.doordash.com/store/$6.88 … 56 items
  [1098/1280] 20251010 https://www.doordash.com/store/$6.99 … 91 items
  [1099/1280] 20251006 https://www.doordash.com/store/$62.19 … 91 items
  [1100/1280] 20251007 https://www.doordash.com/store/$69.00 … 0 items
  [1101/1280] 20251008 https://www.doordash.com/store/$7.05 … 91 items
  [1102/1280] 20251008 https://www.doordash.com/store/$7.08 … 81 items
  [1103/1280] 20251008 https://www.doordash.com/store/$7.14 … 51 items
  [1104/1280] 20251009 https://www.doordash.com/store/$7.20 … 79 items
  [1105/1280] 20251009 https://www.doordash.com/store/$7.33 … 0 items
  [1106/1280] 20251008 https://www.doordash.com/store/$7.34 … 53 items
  [1107/1280] 20251008 https://www.doordash.com/store/$7.40 … 0 items
  [1108/1280] 20251010 https://www.doordash.com/store/$7.49 … 20 items
  [1109/1280] 20251008 https://www.doordash.com/store/$7.74 … 0 items
  [1110/1280] 20251008 https://www.doordash.com/store/$7.84 … 68 items
  [1111/1280] 20251008 https://www.doordash.com/store/$7.94 … 44 items
  [1112/1280] 20251009 https://www.doordash.com/store/$73.00 … 0 items
  [1113/1280] 20251007 https://www.doordash.com/store/$74.75 … 79 items
  [1114/1280] 20251007 https://www.doordash.com/store/$79.00 … 0 items
  [1115/1280] 20251006 https://www.doordash.com/store/$8.17 … 45 items
  [1116/1280] 20251009 https://www.doordash.com/store/$8.33 … 0 items
  [1117/1280] 20251008 https://www.doordash.com/store/$8.38 … 49 items
  [1118/1280] 20251010 https://www.doordash.com/store/$8.49 … 20 items
  [1119/1280] 20251008 https://www.doordash.com/store/$8.54 … 49 items
  [1120/1280] 20251009 https://www.doordash.com/store/$8.58 … 27 items
  [1134/1280] 20260128 https://www.doordash.com/store/%E9%BB%92%E6%AF%9B%E5%92%8C%E7%89%9B%E7 … 0 items
  [1135/1280] 20260312 https://www.doordash.com/store/%E9%BB%92%E6%AF%9B%E5%92%8C%E7%89%9B%E7 … 0 items
  [1145/1280] 20260329 https://www.doordash.com/store/&bagel-new-york-shop-sterling-34954379/ … 29 items
  [1146/1280] 20260214 https://www.doordash.com/store/%281/2%20lb.%29%20Cooked%20medium,%20le … 0 items
  [1156/1280] 20260102 https://www.doordash.com/store/1/2%20BBQ%20Back%20Ribs%20%20duo%20with … 0 items
  [1157/1280] 20260111 https://www.doordash.com/store/1/2%20BBQ%20Back%20Ribs%20duo%20with%20 … 0 items
  [1158/1280] 20260209 https://www.doordash.com/store/1/2%20lb%20fresh%20black%20mussel%20boi … 0 items
  [1159/1280] 20260209 https://www.doordash.com/store/1/2%20lb%20fresh%20clams%20boil%20tosse … 0 items
  [1160/1280] 20260209 https://www.doordash.com/store/1/2%20lb%20fresh%20green%20mussel%20boi … 0 items
  [1161/1280] 20260209 https://www.doordash.com/store/1/2%20lb%20fresh%20shrimp%20%28head%20o … 0 items
  [1162/1280] 20260209 https://www.doordash.com/store/1/2%20lb%20fresh%20shrimp%20%28no%20hea … 0 items
  [1163/1280] 20260209 https://www.doordash.com/store/1/2%20lb%20fresh%20snow%20crab%20legs%2 … 0 items
  [1164/1280] 20260207 https://www.doordash.com/store/1/2%20lb.%20all-natural%20beef%20patty, … 0 items
  [1165/1280] 20260210 https://www.doordash.com/store/1/2%20LB.%20Burger … 0 items
  [1166/1280] 20260210 https://www.doordash.com/store/1/2%20LB.%20Burger%20with%20American%20 … 0 items
  [1167/1280] 20260310 https://www.doordash.com/store/1/2%20lb.%20butterflied%20chicken%20bre … 0 items
  [1168/1280] 20260209 https://www.doordash.com/store/1/2%20lb.%20head-off%20shrimp,%201%20sn … 0 items
  [1169/1280] 20260302 https://www.doordash.com/store/1/2%20lb.%20Macaroni%20Salad … 0 items
  [1170/1280] 20260212 https://www.doordash.com/store/1/2%20Lb.%20of%20Steamed%20Shrimp … 0 items
  [1171/1280] 20260302 https://www.doordash.com/store/1/2%20lb.%20Penne%20Pasta%20Salad … 0 items
  [1172/1280] 20260107 https://www.doordash.com/store/1/2%20lb.%20Pork%20Rib%20Tips … 0 items
  [1173/1280] 20260302 https://www.doordash.com/store/1/2%20lb.%20Potato%20Salad … 0 items
  [1174/1280] 20260302 https://www.doordash.com/store/1/2%20lb.%20Ravioli%20Pasta … 0 items
  [1175/1280] 20260221 https://www.doordash.com/store/1/2%20lb.%20RC%20Ranch%20Wagyu%20%7C%20 … 0 items
  [1176/1280] 20260218 https://www.doordash.com/store/1/2%20lb.%20Rich%20chocolate,%20copper- … 0 items
  [1177/1280] 20260107 https://www.doordash.com/store/1/2%20lb.%20Smoked%20Pulled%20Pork … 0 items
  [1178/1280] 20260302 https://www.doordash.com/store/1/2%20lb.%20Spaghetti%20with%20Meatball … 0 items
  [1179/1280] 20260210 https://www.doordash.com/store/1/2%20Pan%20of%20Angry%20Mac%20&amp;%20 … 0 items
  [1180/1280] 20260210 https://www.doordash.com/store/1/2%20Pan%20of%20Bruxie%20Spiced%20Tots … 0 items
  [1181/1280] 20260210 https://www.doordash.com/store/1/2%20Pan%20of%20Classic%20Mac%20&amp;% … 0 items
  [1182/1280] 20260210 https://www.doordash.com/store/1/2%20Pan%20of%20Homemade%20Slaw%20toss … 0 items
  [1183/1280] 20260218 https://www.doordash.com/store/1/2%20Pint%20Chocolate%20Chunk%20Edible … 0 items
  [1184/1280] 20260302 https://www.doordash.com/store/1/2%20pound%20burger%20patty,%20bacon,% … 0 items
  [1185/1280] 20260210 https://www.doordash.com/store/1/2%20pound%20Niman%20ranch%20patty,%20 … 0 items
  [1186/1280] 20260212 https://www.doordash.com/store/1/2%20Pound%20of%20bone-in%20wings.%20C … 0 items
  [1187/1280] 20260116 https://www.doordash.com/store/1/2%20pound%20of%20Brisket%20with%20whi … 0 items
  [1188/1280] 20260124 https://www.doordash.com/store/1/2%20Shrimp,%201/2%20Catfish,%20dresse … 0 items
  [1189/1280] 20260115 https://www.doordash.com/store/1/2%20Slab%20Smoked%20St.%20Louis%20Rib … 0 items
  [1190/1280] 20260211 https://www.doordash.com/store/1/2.lb%20dry%20aged%20steak%20burger,%2 … 0 items
  [1191/1280] 20260227 https://www.doordash.com/store/1/2lb%20burger,%20bacon,%20American%20c … 0 items
  [1192/1280] 20260211 https://www.doordash.com/store/1/2lb%20dry%20aged%20steak%20burger,%20 … 0 items
  [1193/1280] 20260105 https://www.doordash.com/store/1/2lb.%20Rib-Eye%20Steak%20served%20on% … 0 items
  [1194/1280] 20260313 https://www.doordash.com/store/1/3%20lb%20of%20Angus%20&amp;%20Wagyu%2 … 0 items
  [1195/1280] 20260313 https://www.doordash.com/store/1/3%20lb%20of%20Angus%20&amp;%20Wagyu%2 … 0 items
  [1196/1280] 20260105 https://www.doordash.com/store/1/3%20lb%20turkey%20patty.and%20cheese … 0 items
  [1197/1280] 20260206 https://www.doordash.com/store/1/3%20Lb.%20Bacon%20Cheddar%20Burger%20 … 0 items
  [1198/1280] 20260113 https://www.doordash.com/store/1/3%20lb.%20beef%20patty%20on%20a%20toa … 0 items
  [1199/1280] 20260113 https://www.doordash.com/store/1/3%20lb.%20beef%20patty%20with%204%20o … 0 items
  [1200/1280] 20260113 https://www.doordash.com/store/1/3%20lb.%20beef%20patty%20with%20fresh … 0 items
  [1201/1280] 20260113 https://www.doordash.com/store/1/3%20lb.%20beef%20patty%20with%20your% … 0 items
  [1202/1280] 20260206 https://www.doordash.com/store/1/3%20Lb.%20Cheeseburger%20%28Deluxe%29 … 0 items
  [1203/1280] 20260206 https://www.doordash.com/store/1/3%20Lb.%20Hamburger%20%28Deluxe%29 … 0 items
  [1204/1280] 20260116 https://www.doordash.com/store/1/3%20lb.%20patty%20with%20Melted%20Ame … 0 items
  [1205/1280] 20260301 https://www.doordash.com/store/1/3%20lbs.%20Sandwich … 0 items
  [1206/1280] 20260221 https://www.doordash.com/store/1/3%20of%20a%20lb.%20Grilled%20ground%2 … 0 items
  [1207/1280] 20260221 https://www.doordash.com/store/1/3%20of%20a%20pound%20ground%20beef%20 … 0 items
  [1208/1280] 20260212 https://www.doordash.com/store/1/4%20beef,%20american%20cheese,%20ched … 0 items
  [1209/1280] 20260212 https://www.doordash.com/store/1/4%20beef,%20american%20cheese,%20jojo … 0 items
  [1210/1280] 20260212 https://www.doordash.com/store/1/4%20beef,%20double%20american%20chees … 0 items
  [1211/1280] 20260212 https://www.doordash.com/store/1/4%20beef,%20extra%20american%20and,%2 … 0 items
  [1212/1280] 20260212 https://www.doordash.com/store/1/4%20beef,%20extra%20tillamook%20chedd … 0 items
  [1213/1280] 20260212 https://www.doordash.com/store/1/4%20beef,%20tillamook%20cheddar%20che … 0 items
  [1214/1280] 20260308 https://www.doordash.com/store/1/4%20lbs.%20beef%20hot%20dog,%20with%2 … 0 items
  [1215/1280] 20260207 https://www.doordash.com/store/1/4%20of%20a%20Rotisserie%20Chicken%20d … 0 items
  [1216/1280] 20260207 https://www.doordash.com/store/1/4%20of%20a%20Rotisserie%20Chicken%20w … 0 items
  [1217/1280] 20260107 https://www.doordash.com/store/1/4%20Slab%20Smoked%20St.%20Louis%20Rib … 0 items
  [1218/1280] 20260206 https://www.doordash.com/store/1/4lb.%20All%20Beef%20Frank,%20Split%20 … 0 items
  [1219/1280] 20260212 https://www.doordash.com/store/1/8lb%20beef,%20american%20cheese,%20jo … 0 items
  [1220/1280] 20260216 https://www.doordash.com/store/10-dollar-bowl-columbus-37784525/ … 77 items
  [1221/1280] 20260202 https://www.doordash.com/store/10-rocks-tapas-bar-&-restaurant-pawtuck … 71 items
  [1222/1280] 20260210 https://www.doordash.com/store/10/10%21%20The%20best,%20most%20authent … 80 items
  [1223/1280] 20260306 https://www.doordash.com/store/10/10%20always.%20Believe%20the%20hype. … 81 items
  [1224/1280] 20260223 https://www.doordash.com/store/10/10%20each%20time,%20my%20favorite%20 … 81 items
  [1225/1280] 20260111 https://www.doordash.com/store/10/10%20every%20time%21%20Amazing,%20he … 0 items
  [1226/1280] 20260208 https://www.doordash.com/store/10/10%20everytime.%20Love%20the%20miso% … 81 items
  [1227/1280] 20260102 https://www.doordash.com/store/10/10%20I%20want%20this%20every%20day%2 … 80 items
  [1228/1280] 20260211 https://www.doordash.com/store/10/10%20to%20the%20Chef%20so%20flavorfu … 80 items
  [1229/1280] 20260215 https://www.doordash.com/store/10/10%20will%20eat%20again%21%20It&apos … 81 items
  [1230/1280] 20260116 https://www.doordash.com/store/10/10,%20the%20best%20tasting%20authent … 0 items
  [1231/1280] 20260216 https://www.doordash.com/store/100-hibachi&amp;sushi&amp;ramen---oolte … 81 items
  [1232/1280] 20260113 https://www.doordash.com/store/100/10%21%20The%20best%20food%20we&apos … 43 items
  [1233/1280] 20260216 https://www.doordash.com/store/1000-degrees-pizza-salad-wings-clevelan … 82 items
  [1234/1280] 20260131 https://www.doordash.com/store/1000089?utm_source_id=3e2dd272-77bf-4a5 … 17 items
  [1235/1280] 20260131 https://www.doordash.com/store/1000089?src=yp … 17 items
  [1236/1280] 20260102 https://www.doordash.com/store/1000163?src=yp&pickup=true&tracking_id= … 80 items
  [1237/1280] 20260128 https://www.doordash.com/store/1000163?src=yp&pickup=true&utm_source_i … 81 items
  [1238/1280] 20260206 https://www.doordash.com/store/1000163?src=yp&pickup=true&utm_source_i … 81 items
  [1239/1280] 20260128 https://www.doordash.com/store/1000163?src=yp … 81 items
  [1240/1280] 20260209 https://www.doordash.com/store/1000351?src=yp … 16 items
  [1241/1280] 20260211 https://www.doordash.com/store/1000417?src=yp&pickup=true&utm_source_i … 80 items
  [1242/1280] 20260211 https://www.doordash.com/store/1000417?src=yp … 80 items
  [1243/1280] 20260109 https://www.doordash.com/store/10004?tracking_id=58a4312b-6f46-4b3d-8a … 77 items
  [1244/1280] 20260112 https://www.doordash.com/store/10004?src=yp&pickup=true&tracking_id=90 … 77 items
  [1245/1280] 20260109 https://www.doordash.com/store/10004?src=yp&pickup=true&tracking_id=a9 … 77 items
  [1246/1280] 20260114 https://www.doordash.com/store/10004?src=yp&pickup=true&utm_source_id= … 77 items
  [1247/1280] 20260116 https://www.doordash.com/store/10004?src=yp&pickup=true&utm_source_id= … 77 items
  [1248/1280] 20260109 https://www.doordash.com/store/10004?src=yp … 77 items
  [1249/1280] 20260211 https://www.doordash.com/store/1000668?src=yp&pickup=true&utm_source_i … 80 items
  [1250/1280] 20260211 https://www.doordash.com/store/1000668?src=yp … 80 items
  [1251/1280] 20260115 https://www.doordash.com/store/1000760?src=yp&pickup=true&utm_source_i … 86 items
  [1252/1280] 20260115 https://www.doordash.com/store/1000760?src=yp … 86 items
  [1253/1280] 20260210 https://www.doordash.com/store/1000762?src=yp … 81 items
  [1254/1280] 20260205 https://www.doordash.com/store/1000789?src=yp&pickup=true&utm_source_i … 44 items
  [1255/1280] 20260205 https://www.doordash.com/store/1000789?src=yp … 44 items
  [1256/1280] 20260102 https://www.doordash.com/store/10010?src=yp&pickup=true&tracking_id=32 … 43 items
  [1257/1280] 20260104 https://www.doordash.com/store/10010?src=yp&pickup=true&tracking_id=6d … 43 items
  [1258/1280] 20260210 https://www.doordash.com/store/1001104?src=yp&pickup=true&utm_source_i … 63 items
  [1259/1280] 20260210 https://www.doordash.com/store/1001104?src=yp … 63 items
  [1260/1280] 20260114 https://www.doordash.com/store/1001195 … 87 items
  [1261/1280] 20260109 https://www.doordash.com/store/1001195?src=yp&pickup=true&tracking_id= … 87 items
  [1262/1280] 20260110 https://www.doordash.com/store/1001195?pickup=true&tracking_id=b47ba55 … 87 items
  [1263/1280] 20260116 https://www.doordash.com/store/1001195?utm_source_id=4b9d607d-1a39-49e … 87 items
  [1264/1280] 20260115 https://www.doordash.com/store/1001195?src=yp&pickup=true&utm_source_i … 87 items
  [1265/1280] 20260116 https://www.doordash.com/store/1001195?utm_source_id=918303d4-0589-4d6 … 87 items
  [1266/1280] 20260115 https://www.doordash.com/store/1001195?src=yp&pickup=true&utm_source_i … 87 items
  [1267/1280] 20260113 https://www.doordash.com/store/1001195?src=yp&pickup=true&utm_source_i … 87 items
  [1268/1280] 20260201 https://www.doordash.com/store/1001195?src=yp&pickup=true&utm_source_i … 87 items
  [1269/1280] 20260128 https://www.doordash.com/store/1001195?pickup=true&utm_source_id=e4b04 … 87 items
  [1270/1280] 20260114 https://www.doordash.com/store/1001195?sr= … 87 items
  [1271/1280] 20260114 https://www.doordash.com/store/1001195?src=yp … 87 items
  [1272/1280] 20260205 https://www.doordash.com/store/1001206?utm_source_id=4c9bb2cc-275e-470 … 31 items
  [1273/1280] 20260205 https://www.doordash.com/store/1001206?src=yp … 31 items
  [1274/1280] 20260113 https://www.doordash.com/store/100121?src=yp&pickup=true&utm_source_id … 73 items
  [1275/1280] 20260114 https://www.doordash.com/store/1001270?src=yp&pickup=true&utm_source_i … 11 items
  [1276/1280] 20260105 https://www.doordash.com/store/100127?pickup=true&tracking_id=973f5e20 … 74 items
  [1277/1280] 20260105 https://www.doordash.com/store/100127?src=yp … 74 items
  [1278/1280] 20260110 https://www.doordash.com/store/100128?pickup=true&tracking_id=7bdb6742 … 74 items
  [1279/1280] 20260102 https://www.doordash.com/store/100128?src=yp … 74 items
  [1280/1280] 20260211 https://www.doordash.com/store/100180?src=yp … 73 items

=== Summary (full) ===
  Real candidates:           1280
  Junk filtered out:         59
  Attempts (fetched+parsed): 779
  Hits (>0 items):           317
  Zero-item:                 462
  Fetch failures:            2
  Parse errors:              0
  Rows inserted:             20212
  Hit rate:                  40.7%
